xilinx rtfpga
DSP Report: Generating DSP linienmodule_slowchain_ki_mult0, operation Mode is: A*B.
DSP Report: operator linienmodule_slowchain_ki_mult0 is absorbed into DSP linienmodule_slowchain_ki_mult0.
DSP Report: Generating DSP linienmodule_slowchain_kd_mult, operation Mode is: A*B.
DSP Report: operator linienmodule_slowchain_kd_mult is absorbed into DSP linienmodule_slowchain_kd_mult.
DSP Report: Generating DSP linienmodule_slowchain_kp_mult, operation Mode is: A*B.
DSP Report: operator linienmodule_slowchain_kp_mult is absorbed into DSP linienmodule_slowchain_kp_mult.
INFO: [Synth 8-3333] propagating constant 0 across sequential element (\linienmodule_mod_cordic33_reg[0] )
INFO: [Synth 8-3333] propagating constant 0 across sequential element (\linienmodule_mod_cordic33_reg[1] )
INFO: [Synth 8-3333] propagating constant 0 across sequential element (\linienmodule_mod_cordic33_reg[2] )
INFO: [Synth 8-3333] propagating constant 0 across sequential element (\linienmodule_fast_a_cordic33_reg[0] )
INFO: [Synth 8-3333] propagating constant 0 across sequential element (\linienmodule_fast_a_cordic33_reg[1] )
INFO: [Synth 8-3333] propagating constant 0 across sequential element (\linienmodule_fast_a_cordic33_reg[2] )
INFO: [Synth 8-3886] merging instance 'linienmodule_slowchain_kd_reg_reg[20]' (FD) to 'linienmodule_slowchain_kd_reg_reg[21]'
INFO: [Synth 8-3886] merging instance 'linienmodule_slowchain_kd_reg_r_reg[20]' (FD) to 'linienmodule_slowchain_kd_reg_r_reg[21]'
INFO: [Synth 8-3886] merging instance 'linienmodule_slowchain_kd_reg_reg[21]' (FD) to 'linienmodule_slowchain_kd_reg_reg[22]'
INFO: [Synth 8-3886] merging instance 'linienmodule_slowchain_kd_reg_r_reg[21]' (FD) to 'linienmodule_slowchain_kd_reg_r_reg[22]'
INFO: [Synth 8-3886] merging instance 'linienmodule_max_status6_reg[0]' (FDE) to 'linienmodule_max_status6_reg[1]'
INFO: [Synth 8-3886] merging instance 'linienmodule_max_status6_reg[8]' (FDE) to 'linienmodule_max_status6_reg[1]'
INFO: [Synth 8-3886] merging instance 'linienmodule_min_status6_reg[0]' (FDE) to 'linienmodule_min_status6_reg[1]'
INFO: [Synth 8-3886] merging instance 'linienmodule_min_status6_reg[8]' (FDE) to 'linienmodule_min_status6_reg[1]'
INFO: [Synth 8-3886] merging instance 'linienmodule_min_status8_reg[24]' (FDRE) to 'linienmodule_min_status8_reg[23]'
INFO: [Synth 8-3886] merging instance 'linienmodule_max_status8_reg[0]' (FDRE) to 'linienmodule_max_status8_reg[24]'
INFO: [Synth 8-3886] merging instance 'linienmodule_max_status8_reg[8]' (FDRE) to 'linienmodule_max_status8_reg[24]'
INFO: [Synth 8-3886] merging instance 'linienmodule_max_status8_reg[16]' (FDRE) to 'linienmodule_max_status8_reg[24]'
INFO: [Synth 8-3886] merging instance 'linienmodule_max_status8_reg[24]' (FDRE) to 'linienmodule_max_status8_reg[23]'
INFO: [Synth 8-3886] merging instance 'linienmodule_min_status7_reg[0]' (FDRE) to 'linienmodule_min_status7_reg[24]'
INFO: [Synth 8-3886] merging instance 'linienmodule_min_status7_reg[8]' (FDRE) to 'linienmodule_min_status7_reg[24]'
INFO: [Synth 8-3886] merging instance 'linienmodule_min_status7_reg[16]' (FDRE) to 'linienmodule_min_status7_reg[24]'
INFO: [Synth 8-3886] merging instance 'linienmodule_min_status7_reg[24]' (FDRE) to 'linienmodule_min_status7_reg[23]'
INFO: [Synth 8-3886] merging instance 'linienmodule_max_status7_reg[0]' (FDRE) to 'linienmodule_max_status7_reg[24]'
INFO: [Synth 8-3886] merging instance 'linienmodule_max_status7_reg[8]' (FDRE) to 'linienmodule_max_status7_reg[24]'
INFO: [Synth 8-3886] merging instance 'linienmodule_max_status7_reg[16]' (FDRE) to 'linienmodule_max_status7_reg[24]'
INFO: [Synth 8-3886] merging instance 'linienmodule_max_status7_reg[24]' (FDRE) to 'linienmodule_max_status7_reg[23]'
INFO: [Synth 8-3886] merging instance 'linienmodule_min_status8_reg[0]' (FDRE) to 'linienmodule_min_status8_reg[23]'
INFO: [Synth 8-3886] merging instance 'linienmodule_min_status8_reg[8]' (FDRE) to 'linienmodule_min_status8_reg[23]'
INFO: [Synth 8-3886] merging instance 'linienmodule_min_status8_reg[16]' (FDRE) to 'linienmodule_min_status8_reg[23]'
INFO: [Synth 8-3886] merging instance 'linienmodule_max_status6_reg[1]' (FDE) to 'linienmodule_max_status6_reg[2]'
INFO: [Synth 8-3886] merging instance 'linienmodule_max_status6_reg[9]' (FDE) to 'linienmodule_max_status6_reg[2]'
INFO: [Synth 8-3886] merging instance 'linienmodule_min_status6_reg[1]' (FDE) to 'linienmodule_min_status6_reg[2]'
INFO: [Synth 8-3886] merging instance 'linienmodule_min_status6_reg[9]' (FDE) to 'linienmodule_min_status6_reg[2]'
INFO: [Synth 8-3886] merging instance 'linienmodule_max_status8_reg[1]' (FDRE) to 'linienmodule_max_status8_reg[23]'
INFO: [Synth 8-3886] merging instance 'linienmodule_max_status8_reg[9]' (FDRE) to 'linienmodule_max_status8_reg[23]'
INFO: [Synth 8-3886] merging instance 'linienmodule_max_status8_reg[17]' (FDRE) to 'linienmodule_max_status8_reg[23]'
INFO: [Synth 8-3886] merging instance 'linienmodule_min_status7_reg[1]' (FDRE) to 'linienmodule_min_status7_reg[23]'
INFO: [Synth 8-3886] merging instance 'linienmodule_min_status7_reg[9]' (FDRE) to 'linienmodule_min_status7_reg[23]'
INFO: [Synth 8-3886] merging instance 'linienmodule_min_status7_reg[17]' (FDRE) to 'linienmodule_min_status7_reg[23]'
INFO: [Synth 8-3886] merging instance 'linienmodule_max_status7_reg[1]' (FDRE) to 'linienmodule_max_status7_reg[23]'
INFO: [Synth 8-3886] merging instance 'linienmodule_max_status7_reg[9]' (FDRE) to 'linienmodule_max_status7_reg[23]'
INFO: [Synth 8-3886] merging instance 'linienmodule_max_status7_reg[17]' (FDRE) to 'linienmodule_max_status7_reg[23]'
INFO: [Synth 8-3886] merging instance 'linienmodule_min_status8_reg[1]' (FDRE) to 'linienmodule_min_status8_reg[23]'
INFO: [Synth 8-3886] merging instance 'linienmodule_min_status8_reg[9]' (FDRE) to 'linienmodule_min_status8_reg[23]'
INFO: [Synth 8-3886] merging instance 'linienmodule_min_status8_reg[17]' (FDRE) to 'linienmodule_min_status8_reg[23]'
INFO: [Synth 8-3886] merging instance 'linienmodule_max_status6_reg[2]' (FDE) to 'linienmodule_max_status6_reg[3]'
INFO: [Synth 8-3886] merging instance 'linienmodule_max_status6_reg[10]' (FDE) to 'linienmodule_max_status6_reg[3]'
INFO: [Synth 8-3886] merging instance 'linienmodule_min_status6_reg[2]' (FDE) to 'linienmodule_min_status6_reg[3]'
INFO: [Synth 8-3886] merging instance 'linienmodule_min_status6_reg[10]' (FDE) to 'linienmodule_min_status6_reg[3]'
INFO: [Synth 8-3886] merging instance 'linienmodule_max_status8_reg[2]' (FDRE) to 'linienmodule_max_status8_reg[23]'
INFO: [Synth 8-3886] merging instance 'linienmodule_max_status8_reg[10]' (FDRE) to 'linienmodule_max_status8_reg[23]'
INFO: [Synth 8-3886] merging instance 'linienmodule_max_status8_reg[18]' (FDRE) to 'linienmodule_max_status8_reg[23]'
INFO: [Synth 8-3886] merging instance 'linienmodule_min_status7_reg[2]' (FDRE) to 'linienmodule_min_status7_reg[23]'
INFO: [Synth 8-3886] merging instance 'linienmodule_min_status7_reg[10]' (FDRE) to 'linienmodule_min_status7_reg[23]'
INFO: [Synth 8-3886] merging instance 'linienmodule_min_status7_reg[18]' (FDRE) to 'linienmodule_min_status7_reg[23]'
INFO: [Synth 8-3886] merging instance 'linienmodule_max_status7_reg[2]' (FDRE) to 'linienmodule_max_status7_reg[23]'
INFO: [Synth 8-3886] merging instance 'linienmodule_max_status7_reg[10]' (FDRE) to 'linienmodule_max_status7_reg[23]'
INFO: [Synth 8-3886] merging instance 'linienmodule_max_status7_reg[18]' (FDRE) to 'linienmodule_max_status7_reg[23]'
INFO: [Synth 8-3886] merging instance 'linienmodule_min_status8_reg[2]' (FDRE) to 'linienmodule_min_status8_reg[23]'
INFO: [Synth 8-3886] merging instance 'linienmodule_min_status8_reg[10]' (FDRE) to 'linienmodule_min_status8_reg[23]'
INFO: [Synth 8-3886] merging instance 'linienmodule_min_status8_reg[18]' (FDRE) to 'linienmodule_min_status8_reg[23]'
INFO: [Synth 8-3886] merging instance 'linienmodule_max_status6_reg[3]' (FDE) to 'linienmodule_max_status6_reg[4]'
INFO: [Synth 8-3886] merging instance 'linienmodule_min_status6_reg[3]' (FDE) to 'linienmodule_min_status6_reg[4]'
INFO: [Synth 8-3886] merging instance 'linienmodule_max_status8_reg[3]' (FDRE) to 'linienmodule_max_status8_reg[23]'
INFO: [Synth 8-3886] merging instance 'linienmodule_max_status8_reg[11]' (FDRE) to 'linienmodule_max_status8_reg[23]'
INFO: [Synth 8-3886] merging instance 'linienmodule_max_status8_reg[19]' (FDRE) to 'linienmodule_max_status8_reg[23]'
INFO: [Synth 8-3886] merging instance 'linienmodule_min_status7_reg[3]' (FDRE) to 'linienmodule_min_status7_reg[23]'
INFO: [Synth 8-3886] merging instance 'linienmodule_min_status7_reg[11]' (FDRE) to 'linienmodule_min_status7_reg[23]'
INFO: [Synth 8-3886] merging instance 'linienmodule_min_status7_reg[19]' (FDRE) to 'linienmodule_min_status7_reg[23]'
INFO: [Synth 8-3886] merging instance 'linienmodule_max_status7_reg[3]' (FDRE) to 'linienmodule_max_status7_reg[23]'
INFO: [Synth 8-3886] merging instance 'linienmodule_max_status7_reg[11]' (FDRE) to 'linienmodule_max_status7_reg[23]'
INFO: [Synth 8-3886] merging instance 'linienmodule_max_status7_reg[19]' (FDRE) to 'linienmodule_max_status7_reg[23]'
INFO: [Synth 8-3886] merging instance 'linienmodule_min_status8_reg[3]' (FDRE) to 'linienmodule_min_status8_reg[23]'
INFO: [Synth 8-3886] merging instance 'linienmodule_min_status8_reg[11]' (FDRE) to 'linienmodule_min_status8_reg[23]'
INFO: [Synth 8-3886] merging instance 'linienmodule_min_status8_reg[19]' (FDRE) to 'linienmodule_min_status8_reg[23]'
INFO: [Synth 8-3886] merging instance 'linienmodule_max_status6_reg[4]' (FDE) to 'linienmodule_max_status6_reg[5]'
INFO: [Synth 8-3886] merging instance 'linienmodule_min_status6_reg[4]' (FDE) to 'linienmodule_min_status6_reg[5]'
INFO: [Synth 8-3886] merging instance 'linienmodule_max_status8_reg[4]' (FDRE) to 'linienmodule_max_status8_reg[23]'
INFO: [Synth 8-3886] merging instance 'linienmodule_max_status8_reg[12]' (FDRE) to 'linienmodule_max_status8_reg[23]'
INFO: [Synth 8-3886] merging instance 'linienmodule_max_status8_reg[20]' (FDRE) to 'linienmodule_max_status8_reg[23]'
INFO: [Synth 8-3886] merging instance 'linienmodule_min_status7_reg[4]' (FDRE) to 'linienmodule_min_status7_reg[23]'
INFO: [Synth 8-3886] merging instance 'linienmodule_min_status7_reg[12]' (FDRE) to 'linienmodule_min_status7_reg[23]'
INFO: [Synth 8-3886] merging instance 'linienmodule_min_status7_reg[20]' (FDRE) to 'linienmodule_min_status7_reg[23]'
INFO: [Synth 8-3886] merging instance 'linienmodule_max_status7_reg[4]' (FDRE) to 'linienmodule_max_status7_reg[23]'
INFO: [Synth 8-3886] merging instance 'linienmodule_max_status7_reg[12]' (FDRE) to 'linienmodule_max_status7_reg[23]'
INFO: [Synth 8-3886] merging instance 'linienmodule_max_status7_reg[20]' (FDRE) to 'linienmodule_max_status7_reg[23]'
INFO: [Synth 8-3886] merging instance 'linienmodule_min_status8_reg[4]' (FDRE) to 'linienmodule_min_status8_reg[23]'
INFO: [Synth 8-3886] merging instance 'linienmodule_min_status8_reg[12]' (FDRE) to 'linienmodule_min_status8_reg[23]'
INFO: [Synth 8-3886] merging instance 'linienmodule_min_status8_reg[20]' (FDRE) to 'linienmodule_min_status8_reg[23]'
INFO: [Synth 8-3886] merging instance 'linienmodule_max_status6_reg[5]' (FDE) to 'linienmodule_max_status6_reg[6]'
INFO: [Synth 8-3886] merging instance 'linienmodule_min_status6_reg[5]' (FDE) to 'linienmodule_min_status6_reg[6]'
INFO: [Synth 8-3886] merging instance 'linienmodule_max_status8_reg[5]' (FDRE) to 'linienmodule_max_status8_reg[23]'
INFO: [Synth 8-3886] merging instance 'linienmodule_max_status8_reg[13]' (FDRE) to 'linienmodule_max_status8_reg[23]'
INFO: [Synth 8-3886] merging instance 'linienmodule_max_status8_reg[21]' (FDRE) to 'linienmodule_max_status8_reg[23]'
INFO: [Synth 8-3886] merging instance 'linienmodule_min_status7_reg[5]' (FDRE) to 'linienmodule_min_status7_reg[23]'
INFO: [Synth 8-3886] merging instance 'linienmodule_min_status7_reg[13]' (FDRE) to 'linienmodule_min_status7_reg[23]'
INFO: [Synth 8-3886] merging instance 'linienmodule_min_status7_reg[21]' (FDRE) to 'linienmodule_min_status7_reg[23]'
INFO: [Synth 8-3886] merging instance 'linienmodule_max_status7_reg[5]' (FDRE) to 'linienmodule_max_status7_reg[23]'
INFO: [Synth 8-3886] merging instance 'linienmodule_max_status7_reg[13]' (FDRE) to 'linienmodule_max_status7_reg[23]'
INFO: [Synth 8-3886] merging instance 'linienmodule_max_status7_reg[21]' (FDRE) to 'linienmodule_max_status7_reg[23]'
INFO: [Synth 8-3886] merging instance 'linienmodule_min_status8_reg[5]' (FDRE) to 'linienmodule_min_status8_reg[23]'
INFO: [Synth 8-3886] merging instance 'linienmodule_min_status8_reg[13]' (FDRE) to 'linienmodule_min_status8_reg[23]'
INFO: [Synth 8-3886] merging instance 'linienmodule_min_status8_reg[21]' (FDRE) to 'linienmodule_min_status8_reg[23]'
INFO: [Synth 8-3886] merging instance 'linienmodule_max_status6_reg[6]' (FDE) to 'linienmodule_max_status6_reg[7]'
INFO: [Synth 8-3886] merging instance 'linienmodule_min_status6_reg[6]' (FDE) to 'linienmodule_min_status6_reg[7]'
INFO: [Common 17-14] Message 'Synth 8-3886' appears 100 times and further instances of the messages will be disabled. Use the Tcl command set_msg_config to change the current settings.
INFO: [Synth 8-3333] propagating constant 0 across sequential element (\linienmodule_max_status6_reg[7] )
INFO: [Synth 8-3333] propagating constant 0 across sequential element (\linienmodule_min_status6_reg[7] )
INFO: [Synth 8-3333] propagating constant 0 across sequential element (\linienmodule_max_status8_reg[23] )
INFO: [Synth 8-3333] propagating constant 0 across sequential element (\linienmodule_min_status7_reg[23] )
INFO: [Synth 8-3333] propagating constant 0 across sequential element (\linienmodule_max_status7_reg[23] )
INFO: [Synth 8-3333] propagating constant 0 across sequential element (\linienmodule_min_status8_reg[23] )
INFO: [Synth 8-3333] propagating constant 0 across sequential element (\linienmodule_slow_out_shifted_reg[0] )
INFO: [Synth 8-3333] propagating constant 0 across sequential element (\linienmodule_fast_b_cordic33_reg[0] )
INFO: [Synth 8-3333] propagating constant 0 across sequential element (\linienmodule_fast_b_cordic33_reg[1] )
INFO: [Synth 8-3333] propagating constant 0 across sequential element (\linienmodule_fast_b_cordic33_reg[2] )
INFO: [Synth 8-3333] propagating constant 0 across sequential element (\linienmodule_mod_cordic34_reg[0] )
INFO: [Synth 8-3333] propagating constant 0 across sequential element (\linienmodule_fast_a_cordic34_reg[0] )
INFO: [Synth 8-3333] propagating constant 0 across sequential element (\linienmodule_mod_cordic34_reg[1] )
INFO: [Synth 8-3333] propagating constant 0 across sequential element (\linienmodule_fast_a_cordic34_reg[1] )
INFO: [Synth 8-3333] propagating constant 0 across sequential element (\linienmodule_fast_b_cordic34_reg[0] )
INFO: [Synth 8-3333] propagating constant 0 across sequential element (\linienmodule_fast_b_cordic34_reg[1] )
INFO: [Synth 8-3333] propagating constant 0 across sequential element (\linienmodule_interface6_bank_bus_dat_r_reg[7] )
INFO: [Synth 8-3333] propagating constant 0 across sequential element (\linienmodule_mod_cordic1_reg[0] )
INFO: [Synth 8-3333] propagating constant 0 across sequential element (\linienmodule_mod_cordic17_reg[0] )
INFO: [Synth 8-3333] propagating constant 0 across sequential element (\linienmodule_fast_a_cordic17_reg[0] )
INFO: [Synth 8-3333] propagating constant 0 across sequential element (\linienmodule_fast_a_cordic1_reg[0] )
INFO: [Synth 8-3333] propagating constant 0 across sequential element (\linienmodule_mod_cordic35_reg[0] )
INFO: [Synth 8-3333] propagating constant 0 across sequential element (\linienmodule_mod_cordic34_reg[2] )
INFO: [Synth 8-3333] propagating constant 0 across sequential element (\linienmodule_fast_a_cordic35_reg[0] )
INFO: [Synth 8-3333] propagating constant 0 across sequential element (\linienmodule_fast_a_cordic34_reg[2] )
INFO: [Synth 8-3333] propagating constant 0 across sequential element (\linienmodule_fast_b_cordic35_reg[0] )
INFO: [Synth 8-3333] propagating constant 0 across sequential element (\linienmodule_fast_b_cordic34_reg[2] )
INFO: [Synth 8-3333] propagating constant 0 across sequential element (\linienmodule_mod_cordic36_reg[0] )
INFO: [Synth 8-3333] propagating constant 0 across sequential element (\linienmodule_fast_a_cordic36_reg[0] )
INFO: [Synth 8-3333] propagating constant 0 across sequential element (\linienmodule_fast_b_cordic36_reg[0] )
INFO: [Synth 8-3333] propagating constant 0 across sequential element (\linienmodule_mod_cordic37_reg[0] )
INFO: [Synth 8-3333] propagating constant 0 across sequential element (\linienmodule_fast_a_cordic37_reg[0] )
INFO: [Synth 8-3333] propagating constant 0 across sequential element (\linienmodule_fast_b_cordic37_reg[0] )
INFO: [Synth 8-3333] propagating constant 0 across sequential element (\linienmodule_mod_cordic38_reg[0] )
INFO: [Synth 8-3333] propagating constant 0 across sequential element (\linienmodule_fast_a_cordic38_reg[0] )
INFO: [Synth 8-3333] propagating constant 0 across sequential element (\linienmodule_fast_b_cordic38_reg[0] )
INFO: [Synth 8-3333] propagating constant 0 across sequential element (\linienmodule_mod_cordic39_reg[0] )
INFO: [Synth 8-3333] propagating constant 0 across sequential element (\linienmodule_fast_a_cordic39_reg[0] )
INFO: [Synth 8-3333] propagating constant 0 across sequential element (\linienmodule_fast_b_cordic39_reg[0] )
