xilinx rtfpga
INFO: [Synth 8-5845] Not enough pipeline registers after wide multiplier. Recommended levels of pipeline registers is 2 [/home/vedaant/school_files/spring2026/ECE554/linien_554/gateware/build/imports/home/vedaant/school_files/spring2026/ECE554/linien_554/src/sinusoid.sv:125]
DSP Report: Generating DSP mult_reg0, operation Mode is: A2*B2.
DSP Report: register lut_reg_reg is absorbed into DSP mult_reg0.
DSP Report: register mult_reg0 is absorbed into DSP mult_reg0.
DSP Report: operator mult_reg0 is absorbed into DSP mult_reg0.
DSP Report: operator mult_reg0 is absorbed into DSP mult_reg0.
DSP Report: Generating DSP mult_reg_reg, operation Mode is: (PCIN>>17)+A*B2.
DSP Report: register lut_reg_reg is absorbed into DSP mult_reg_reg.
DSP Report: register mult_reg_reg is absorbed into DSP mult_reg_reg.
DSP Report: operator mult_reg0 is absorbed into DSP mult_reg_reg.
DSP Report: operator mult_reg0 is absorbed into DSP mult_reg_reg.
INFO: [Synth 8-4652] Swapped enable and write-enable on 1 RAM instances of RAM sequence_top/BRAM/mem_reg to conserve power
WARNING: [Synth 8-3332] Sequential element (mult_reg_reg[47]) is unused and will be removed from module sinusoid.
WARNING: [Synth 8-3332] Sequential element (mult_reg_reg[46]) is unused and will be removed from module sinusoid.
WARNING: [Synth 8-3332] Sequential element (mult_reg_reg[45]) is unused and will be removed from module sinusoid.
WARNING: [Synth 8-3332] Sequential element (mult_reg_reg[44]) is unused and will be removed from module sinusoid.
WARNING: [Synth 8-3332] Sequential element (mult_reg_reg[43]) is unused and will be removed from module sinusoid.
WARNING: [Synth 8-3332] Sequential element (mult_reg_reg[42]) is unused and will be removed from module sinusoid.
WARNING: [Synth 8-3332] Sequential element (mult_reg_reg[41]) is unused and will be removed from module sinusoid.
WARNING: [Synth 8-3332] Sequential element (mult_reg_reg[40]) is unused and will be removed from module sinusoid.
WARNING: [Synth 8-3332] Sequential element (mult_reg_reg[39]) is unused and will be removed from module sinusoid.
WARNING: [Synth 8-3332] Sequential element (mult_reg_reg[38]) is unused and will be removed from module sinusoid.
WARNING: [Synth 8-3332] Sequential element (mult_reg_reg[37]) is unused and will be removed from module sinusoid.
WARNING: [Synth 8-3332] Sequential element (mult_reg_reg[36]) is unused and will be removed from module sinusoid.
WARNING: [Synth 8-3332] Sequential element (mult_reg_reg[35]) is unused and will be removed from module sinusoid.
WARNING: [Synth 8-3332] Sequential element (mult_reg_reg[34]) is unused and will be removed from module sinusoid.
WARNING: [Synth 8-3332] Sequential element (mult_reg_reg[33]) is unused and will be removed from module sinusoid.
WARNING: [Synth 8-3332] Sequential element (mult_reg_reg[32]) is unused and will be removed from module sinusoid.
WARNING: [Synth 8-3332] Sequential element (mult_reg_reg[31]) is unused and will be removed from module sinusoid.
WARNING: [Synth 8-3332] Sequential element (mult_reg_reg[30]) is unused and will be removed from module sinusoid.
WARNING: [Synth 8-3332] Sequential element (mult_reg_reg[29]) is unused and will be removed from module sinusoid.
WARNING: [Synth 8-3332] Sequential element (mult_reg_reg[28]) is unused and will be removed from module sinusoid.
WARNING: [Synth 8-3332] Sequential element (mult_reg_reg[27]) is unused and will be removed from module sinusoid.
WARNING: [Synth 8-3332] Sequential element (mult_reg_reg[26]) is unused and will be removed from module sinusoid.
WARNING: [Synth 8-3332] Sequential element (mult_reg_reg[25]) is unused and will be removed from module sinusoid.
WARNING: [Synth 8-3332] Sequential element (mult_reg_reg[24]) is unused and will be removed from module sinusoid.
WARNING: [Synth 8-3332] Sequential element (mult_reg_reg[23]) is unused and will be removed from module sinusoid.
WARNING: [Synth 8-3332] Sequential element (mult_reg_reg[22]) is unused and will be removed from module sinusoid.
WARNING: [Synth 8-3332] Sequential element (mult_reg_reg[21]) is unused and will be removed from module sinusoid.
WARNING: [Synth 8-3332] Sequential element (mult_reg_reg[20]) is unused and will be removed from module sinusoid.
WARNING: [Synth 8-3332] Sequential element (mult_reg_reg[19]) is unused and will be removed from module sinusoid.
WARNING: [Synth 8-3332] Sequential element (mult_reg_reg[18]) is unused and will be removed from module sinusoid.
WARNING: [Synth 8-3332] Sequential element (mult_reg_reg[17]) is unused and will be removed from module sinusoid.
WARNING: [Synth 8-3332] Sequential element (mult_reg_reg[12]) is unused and will be removed from module sinusoid.
WARNING: [Synth 8-3332] Sequential element (mult_reg_reg[11]) is unused and will be removed from module sinusoid.
WARNING: [Synth 8-3332] Sequential element (mult_reg_reg[10]) is unused and will be removed from module sinusoid.
WARNING: [Synth 8-3332] Sequential element (mult_reg_reg[9]) is unused and will be removed from module sinusoid.
WARNING: [Synth 8-3332] Sequential element (mult_reg_reg[8]) is unused and will be removed from module sinusoid.
WARNING: [Synth 8-3332] Sequential element (mult_reg_reg[7]) is unused and will be removed from module sinusoid.
WARNING: [Synth 8-3332] Sequential element (mult_reg_reg[6]) is unused and will be removed from module sinusoid.
WARNING: [Synth 8-3332] Sequential element (mult_reg_reg[5]) is unused and will be removed from module sinusoid.
WARNING: [Synth 8-3332] Sequential element (mult_reg_reg[4]) is unused and will be removed from module sinusoid.
WARNING: [Synth 8-3332] Sequential element (mult_reg_reg[3]) is unused and will be removed from module sinusoid.
WARNING: [Synth 8-3332] Sequential element (mult_reg_reg[2]) is unused and will be removed from module sinusoid.
WARNING: [Synth 8-3332] Sequential element (mult_reg_reg[1]) is unused and will be removed from module sinusoid.
WARNING: [Synth 8-3332] Sequential element (mult_reg_reg[0]) is unused and will be removed from module sinusoid.
