xilinx rtfpga
INFO: [Synth 8-4471] merging register 'linienmodule_raw_acquisition_iir_b5_reg[24:0]' into 'linienmodule_raw_acquisition_iir_b5_reg[24:0]' [/home/vedaant/school_files/spring2026/ECE554/linien_554/gateware/build/top.v:4470]
DSP Report: Generating DSP linienmodule_raw_acquisition_iir_z00, operation Mode is: A2*B2.
DSP Report: register linienmodule_raw_acquisition_iir_z00 is absorbed into DSP linienmodule_raw_acquisition_iir_z00.
DSP Report: register linienmodule_raw_acquisition_iir_b5_reg is absorbed into DSP linienmodule_raw_acquisition_iir_z00.
DSP Report: operator linienmodule_raw_acquisition_iir_z00 is absorbed into DSP linienmodule_raw_acquisition_iir_z00.
DSP Report: operator linienmodule_raw_acquisition_iir_z00 is absorbed into DSP linienmodule_raw_acquisition_iir_z00.
DSP Report: Generating DSP linienmodule_raw_acquisition_iir_z00, operation Mode is: (PCIN>>17)+A2*B2.
DSP Report: register linienmodule_limit_error_signal_limitcsr_y_reg is absorbed into DSP linienmodule_raw_acquisition_iir_z00.
DSP Report: register linienmodule_raw_acquisition_iir_b5_reg is absorbed into DSP linienmodule_raw_acquisition_iir_z00.
DSP Report: operator linienmodule_raw_acquisition_iir_z00 is absorbed into DSP linienmodule_raw_acquisition_iir_z00.
DSP Report: operator linienmodule_raw_acquisition_iir_z00 is absorbed into DSP linienmodule_raw_acquisition_iir_z00.
RAM Pipeline Warning: Read Address Register Found For RAM dynamic_delay_mem_reg. We will not be able to pipeline it. This may degrade performance. 
RAM Pipeline Warning: Read Address Register Found For RAM dynamic_delay_mem_reg. We will not be able to pipeline it. This may degrade performance. 
INFO: [Synth 8-6430] The Block RAM "top__GCB1/dynamic_delay_mem_reg" may get memory collision error if read and write address collide. Use attribute (* rw_addr_collision= "yes" *) to avoid collision 
INFO: [Synth 8-4652] Swapped enable and write-enable on 7 RAM instances of RAM dynamic_delay_mem_reg to conserve power
RAM Pipeline Warning: Read Address Register Found For RAM dynamic_delay_mem_reg. We will not be able to pipeline it. This may degrade performance. 
INFO: [Synth 8-3886] merging instance 'linienmodule_limit_fast2_x_reg[16]' (FDR) to 'linienmodule_limit_fast2_x_reg[17]'
INFO: [Synth 8-3886] merging instance 'linienmodule_limit_fast1_x_reg[16]' (FDR) to 'linienmodule_limit_fast1_x_reg[17]'
INFO: [Synth 8-3333] propagating constant 0 across sequential element (\linienmodule_raw_acquisition_iir_z0r_reg[0] )
INFO: [Synth 8-3333] propagating constant 0 across sequential element (\linienmodule_raw_acquisition_iir_z0r_reg[1] )
INFO: [Synth 8-3333] propagating constant 0 across sequential element (\linienmodule_raw_acquisition_iir_z0r_reg[2] )
INFO: [Synth 8-3333] propagating constant 0 across sequential element (\linienmodule_raw_acquisition_iir_z0r_reg[3] )
INFO: [Synth 8-3333] propagating constant 0 across sequential element (\linienmodule_raw_acquisition_iir_z0r_reg[4] )
INFO: [Synth 8-3333] propagating constant 0 across sequential element (\linienmodule_raw_acquisition_iir_z0r_reg[5] )
INFO: [Synth 8-3333] propagating constant 0 across sequential element (\linienmodule_raw_acquisition_iir_z0r_reg[6] )
INFO: [Synth 8-3333] propagating constant 0 across sequential element (\linienmodule_raw_acquisition_iir_z0r_reg[7] )
INFO: [Synth 8-3333] propagating constant 0 across sequential element (\linienmodule_raw_acquisition_iir_z0r_reg[8] )
INFO: [Synth 8-3333] propagating constant 0 across sequential element (\linienmodule_raw_acquisition_iir_z0r_reg[9] )
INFO: [Synth 8-3333] propagating constant 0 across sequential element (\linienmodule_raw_acquisition_iir_z0r_reg[10] )
INFO: [Synth 8-3333] propagating constant 0 across sequential element (\linienmodule_raw_acquisition_iir_z0r_reg[11] )
INFO: [Synth 8-3333] propagating constant 0 across sequential element (\linienmodule_raw_acquisition_iir_z0r_reg[12] )
INFO: [Synth 8-3333] propagating constant 0 across sequential element (\linienmodule_raw_acquisition_iir_z0r_reg[13] )
INFO: [Synth 8-3333] propagating constant 0 across sequential element (\linienmodule_raw_acquisition_iir_z0r_reg[14] )
INFO: [Synth 8-3333] propagating constant 0 across sequential element (\linienmodule_raw_acquisition_iir_z0r_reg[15] )
INFO: [Synth 8-3333] propagating constant 0 across sequential element (\linienmodule_raw_acquisition_iir_z0r_reg[16] )
INFO: [Synth 8-3333] propagating constant 0 across sequential element (\linienmodule_raw_acquisition_iir_z0r_reg[17] )
INFO: [Synth 8-3333] propagating constant 0 across sequential element (\linienmodule_raw_acquisition_iir_z0r_reg[18] )
INFO: [Synth 8-3333] propagating constant 0 across sequential element (\linienmodule_raw_acquisition_iir_z0r_reg[19] )
INFO: [Synth 8-3333] propagating constant 0 across sequential element (\linienmodule_raw_acquisition_iir_z0r_reg[20] )
INFO: [Synth 8-3333] propagating constant 0 across sequential element (\linienmodule_raw_acquisition_iir_z0r_reg[21] )
INFO: [Synth 8-3333] propagating constant 0 across sequential element (\linienmodule_raw_acquisition_iir_z0r_reg[22] )
INFO: [Synth 8-3886] merging instance 'linienmodule_min_status9_reg[0]' (FDRE) to 'linienmodule_min_status9_reg[1]'
INFO: [Synth 8-3886] merging instance 'linienmodule_min_status9_reg[8]' (FDRE) to 'linienmodule_min_status9_reg[1]'
INFO: [Synth 8-3886] merging instance 'linienmodule_max_status9_reg[0]' (FDRE) to 'linienmodule_max_status9_reg[1]'
INFO: [Synth 8-3886] merging instance 'linienmodule_max_status9_reg[8]' (FDRE) to 'linienmodule_max_status9_reg[1]'
INFO: [Synth 8-3886] merging instance 'linienmodule_min_status9_reg[1]' (FDRE) to 'linienmodule_min_status9_reg[2]'
INFO: [Synth 8-3886] merging instance 'linienmodule_min_status9_reg[9]' (FDRE) to 'linienmodule_min_status9_reg[2]'
INFO: [Synth 8-3886] merging instance 'linienmodule_max_status9_reg[1]' (FDRE) to 'linienmodule_max_status9_reg[2]'
INFO: [Synth 8-3886] merging instance 'linienmodule_max_status9_reg[9]' (FDRE) to 'linienmodule_max_status9_reg[2]'
INFO: [Synth 8-3886] merging instance 'linienmodule_min_status9_reg[2]' (FDRE) to 'linienmodule_min_status9_reg[3]'
INFO: [Synth 8-3886] merging instance 'linienmodule_min_status9_reg[10]' (FDRE) to 'linienmodule_min_status9_reg[3]'
INFO: [Synth 8-3886] merging instance 'linienmodule_max_status9_reg[2]' (FDRE) to 'linienmodule_max_status9_reg[3]'
INFO: [Synth 8-3886] merging instance 'linienmodule_max_status9_reg[10]' (FDRE) to 'linienmodule_max_status9_reg[3]'
INFO: [Synth 8-3886] merging instance 'linienmodule_min_status9_reg[3]' (FDRE) to 'linienmodule_min_status9_reg[4]'
INFO: [Synth 8-3886] merging instance 'linienmodule_max_status9_reg[3]' (FDRE) to 'linienmodule_max_status9_reg[4]'
INFO: [Synth 8-3886] merging instance 'linienmodule_min_status9_reg[4]' (FDRE) to 'linienmodule_min_status9_reg[5]'
INFO: [Synth 8-3886] merging instance 'linienmodule_max_status9_reg[4]' (FDRE) to 'linienmodule_max_status9_reg[5]'
INFO: [Synth 8-3886] merging instance 'linienmodule_min_status9_reg[5]' (FDRE) to 'linienmodule_min_status9_reg[6]'
INFO: [Synth 8-3886] merging instance 'linienmodule_max_status9_reg[5]' (FDRE) to 'linienmodule_max_status9_reg[6]'
INFO: [Synth 8-3886] merging instance 'linienmodule_min_status9_reg[6]' (FDRE) to 'linienmodule_min_status9_reg[7]'
INFO: [Synth 8-3886] merging instance 'linienmodule_max_status9_reg[6]' (FDRE) to 'linienmodule_max_status9_reg[7]'
INFO: [Synth 8-3333] propagating constant 0 across sequential element (\linienmodule_min_status9_reg[7] )
INFO: [Synth 8-3333] propagating constant 0 across sequential element (\linienmodule_max_status9_reg[7] )
INFO: [Synth 8-3333] propagating constant 0 across sequential element (\linienmodule_raw_acquisition_iir_zr0_reg[0] )
INFO: [Synth 8-3333] propagating constant 0 across sequential element (\linienmodule_raw_acquisition_iir_zr0_reg[1] )
INFO: [Synth 8-3333] propagating constant 0 across sequential element (\linienmodule_raw_acquisition_iir_zr0_reg[2] )
INFO: [Synth 8-3333] propagating constant 0 across sequential element (\linienmodule_raw_acquisition_iir_zr0_reg[3] )
INFO: [Synth 8-3333] propagating constant 0 across sequential element (\linienmodule_raw_acquisition_iir_zr0_reg[4] )
INFO: [Synth 8-3333] propagating constant 0 across sequential element (\linienmodule_raw_acquisition_iir_zr0_reg[5] )
INFO: [Synth 8-3333] propagating constant 0 across sequential element (\linienmodule_raw_acquisition_iir_zr0_reg[6] )
INFO: [Synth 8-3333] propagating constant 0 across sequential element (\linienmodule_raw_acquisition_iir_zr0_reg[7] )
INFO: [Synth 8-3333] propagating constant 0 across sequential element (\linienmodule_raw_acquisition_iir_zr0_reg[8] )
INFO: [Synth 8-3333] propagating constant 0 across sequential element (\linienmodule_raw_acquisition_iir_zr0_reg[9] )
INFO: [Synth 8-3333] propagating constant 0 across sequential element (\linienmodule_raw_acquisition_iir_zr0_reg[10] )
INFO: [Synth 8-3333] propagating constant 0 across sequential element (\linienmodule_raw_acquisition_iir_zr0_reg[11] )
INFO: [Synth 8-3333] propagating constant 0 across sequential element (\linienmodule_raw_acquisition_iir_zr0_reg[12] )
INFO: [Synth 8-3333] propagating constant 0 across sequential element (\linienmodule_raw_acquisition_iir_zr0_reg[13] )
INFO: [Synth 8-3333] propagating constant 0 across sequential element (\linienmodule_raw_acquisition_iir_zr0_reg[14] )
INFO: [Synth 8-3333] propagating constant 0 across sequential element (\linienmodule_raw_acquisition_iir_zr0_reg[15] )
INFO: [Synth 8-3333] propagating constant 0 across sequential element (\linienmodule_raw_acquisition_iir_zr0_reg[16] )
INFO: [Synth 8-3333] propagating constant 0 across sequential element (\linienmodule_raw_acquisition_iir_zr0_reg[17] )
INFO: [Synth 8-3333] propagating constant 0 across sequential element (\linienmodule_raw_acquisition_iir_zr0_reg[18] )
INFO: [Synth 8-3333] propagating constant 0 across sequential element (\linienmodule_raw_acquisition_iir_zr0_reg[19] )
INFO: [Synth 8-3333] propagating constant 0 across sequential element (\linienmodule_raw_acquisition_iir_zr0_reg[20] )
INFO: [Synth 8-3333] propagating constant 0 across sequential element (\linienmodule_raw_acquisition_iir_zr0_reg[21] )
INFO: [Synth 8-3333] propagating constant 0 across sequential element (\linienmodule_raw_acquisition_iir_zr0_reg[22] )
