#
# An unexpected error has occurred (6)
#
Stack:
/lib/x86_64-linux-gnu/libc.so.6(+0x42520) [0x75e9f8042520]
/lib/x86_64-linux-gnu/libc.so.6(pthread_kill+0x12c) [0x75e9f80969fc]
/lib/x86_64-linux-gnu/libc.so.6(raise+0x16) [0x75e9f8042476]
/lib/x86_64-linux-gnu/libc.so.6(abort+0xd3) [0x75e9f80287f3]
/home/vedaant/Vivado/2020.2/lib/lnx64.o/libtcl8.5.so(Tcl_PanicVA+0x10e) [0x75e9f1eaaa8e]
/home/vedaant/Vivado/2020.2/lib/lnx64.o/libtcl8.5.so(Tcl_Panic+0x8c) [0x75e9f1eaab9c]
/home/vedaant/Vivado/2020.2/lib/lnx64.o/libtcl8.5.so(TclStackFree+0x49) [0x75e9f1e74fb9]
/home/vedaant/Vivado/2020.2/lib/lnx64.o/libtcl8.5.so(+0x7600b) [0x75e9f1e7600b]
/home/vedaant/Vivado/2020.2/lib/lnx64.o/libtcl8.5.so(+0x7e0f9) [0x75e9f1e7e0f9]
/home/vedaant/Vivado/2020.2/lib/lnx64.o/libtcl8.5.so(TclEvalObjEx+0x76) [0x75e9f1e35216]
/home/vedaant/Vivado/2020.2/lib/lnx64.o/libtcl8.5.so(+0xb7637) [0x75e9f1eb7637]
/home/vedaant/Vivado/2020.2/lib/lnx64.o/libtcl8.5.so(+0x3356f) [0x75e9f1e3356f]
/home/vedaant/Vivado/2020.2/lib/lnx64.o/libtcl8.5.so(+0x76945) [0x75e9f1e76945]
/home/vedaant/Vivado/2020.2/lib/lnx64.o/libtcl8.5.so(+0x7e0f9) [0x75e9f1e7e0f9]
/home/vedaant/Vivado/2020.2/lib/lnx64.o/libtcl8.5.so(TclEvalObjEx+0x76) [0x75e9f1e35216]
/home/vedaant/Vivado/2020.2/lib/lnx64.o/librdi_commontasks.so(+0x1dba74) [0x75e9eabdba74]
/home/vedaant/Vivado/2020.2/lib/lnx64.o/libtcl8.5.so(+0x3356f) [0x75e9f1e3356f]
/home/vedaant/Vivado/2020.2/lib/lnx64.o/libtcl8.5.so(+0x34bf8) [0x75e9f1e34bf8]
/home/vedaant/Vivado/2020.2/lib/lnx64.o/libtcl8.5.so(+0xad566) [0x75e9f1ead566]
/home/vedaant/Vivado/2020.2/lib/lnx64.o/libtcl8.5.so(+0x34785) [0x75e9f1e34785]
/home/vedaant/Vivado/2020.2/lib/lnx64.o/libtcl8.5.so(Tcl_EvalEx+0x13) [0x75e9f1e35163]
/home/vedaant/Vivado/2020.2/lib/lnx64.o/libtcl8.5.so(Tcl_FSEvalFileEx+0x1da) [0x75e9f1e99d2a]
/home/vedaant/Vivado/2020.2/lib/lnx64.o/librdi_commontasks.so(+0x1f8c0d) [0x75e9eabf8c0d]
/home/vedaant/Vivado/2020.2/lib/lnx64.o/librdi_common.so(+0x9cfb1d) [0x75e9f99cfb1d]
/home/vedaant/Vivado/2020.2/lib/lnx64.o/libtcl8.5.so(+0x3356f) [0x75e9f1e3356f]
/home/vedaant/Vivado/2020.2/lib/lnx64.o/libtcl8.5.so(Tcl_EvalObjv+0x32) [0x75e9f1e336a2]
/home/vedaant/Vivado/2020.2/lib/lnx64.o/libtcl8.5.so(TclEvalObjEx+0x322) [0x75e9f1e354c2]
/home/vedaant/Vivado/2020.2/lib/lnx64.o/librdi_common.so(hdi::tcltasks::task_manager::eval_in_tcl(Tcl_Interp*, Tcl_Obj*, char const*, bool)+0xb59) [0x75e9f99d1929]
/home/vedaant/Vivado/2020.2/lib/lnx64.o/librdi_designutils.so(HRTInvoker::inProcessLaunch(HDGUIStatus&)+0x457) [0x75e9df509047]
/home/vedaant/Vivado/2020.2/lib/lnx64.o/librdi_designutils.so(HRTInvoker::launch(HDGUIStatus&)+0x535) [0x75e9df509d35]
/home/vedaant/Vivado/2020.2/lib/lnx64.o/librdi_vivadotasks.so(+0x5d4718) [0x75e99d5d4718]
/home/vedaant/Vivado/2020.2/lib/lnx64.o/librdi_vivadotasks.so(+0x5e0d05) [0x75e99d5e0d05]
/home/vedaant/Vivado/2020.2/lib/lnx64.o/librdi_common.so(+0x9cfb1d) [0x75e9f99cfb1d]
/home/vedaant/Vivado/2020.2/lib/lnx64.o/libtcl8.5.so(+0x3356f) [0x75e9f1e3356f]
/home/vedaant/Vivado/2020.2/lib/lnx64.o/libtcl8.5.so(+0x34bf8) [0x75e9f1e34bf8]
/home/vedaant/Vivado/2020.2/lib/lnx64.o/libtcl8.5.so(Tcl_EvalEx+0x13) [0x75e9f1e35163]
/home/vedaant/Vivado/2020.2/lib/lnx64.o/libtcl8.5.so(Tcl_FSEvalFileEx+0x1da) [0x75e9f1e99d2a]
/home/vedaant/Vivado/2020.2/lib/lnx64.o/librdi_commontasks.so(+0x1f8c0d) [0x75e9eabf8c0d]
/home/vedaant/Vivado/2020.2/lib/lnx64.o/librdi_common.so(+0x9cfb1d) [0x75e9f99cfb1d]
/home/vedaant/Vivado/2020.2/lib/lnx64.o/libtcl8.5.so(+0x3356f) [0x75e9f1e3356f]
/home/vedaant/Vivado/2020.2/lib/lnx64.o/libtcl8.5.so(+0x34bf8) [0x75e9f1e34bf8]
/home/vedaant/Vivado/2020.2/lib/lnx64.o/libtcl8.5.so(Tcl_EvalEx+0x13) [0x75e9f1e35163]
/home/vedaant/Vivado/2020.2/lib/lnx64.o/libtcl8.5.so(Tcl_FSEvalFileEx+0x1da) [0x75e9f1e99d2a]
/home/vedaant/Vivado/2020.2/lib/lnx64.o/librdi_commontasks.so(+0x1f8c0d) [0x75e9eabf8c0d]
/home/vedaant/Vivado/2020.2/lib/lnx64.o/librdi_common.so(+0x9cfb1d) [0x75e9f99cfb1d]
/home/vedaant/Vivado/2020.2/lib/lnx64.o/libtcl8.5.so(+0x3356f) [0x75e9f1e3356f]
/home/vedaant/Vivado/2020.2/lib/lnx64.o/libtcl8.5.so(Tcl_EvalObjv+0x32) [0x75e9f1e336a2]
/home/vedaant/Vivado/2020.2/lib/lnx64.o/libtcl8.5.so(TclEvalObjEx+0x322) [0x75e9f1e354c2]
/home/vedaant/Vivado/2020.2/lib/lnx64.o/librdi_commontasks.so(+0x23f1d9) [0x75e9eac3f1d9]
/home/vedaant/Vivado/2020.2/lib/lnx64.o/librdi_commontasks.so(+0x240bde) [0x75e9eac40bde]
/home/vedaant/Vivado/2020.2/lib/lnx64.o/librdi_common.so(+0x9cfb1d) [0x75e9f99cfb1d]
/home/vedaant/Vivado/2020.2/lib/lnx64.o/libtcl8.5.so(+0x3356f) [0x75e9f1e3356f]
/home/vedaant/Vivado/2020.2/lib/lnx64.o/libtcl8.5.so(Tcl_EvalObjv+0x32) [0x75e9f1e336a2]
/home/vedaant/Vivado/2020.2/lib/lnx64.o/libtcl8.5.so(TclEvalObjEx+0x322) [0x75e9f1e354c2]
/home/vedaant/Vivado/2020.2/lib/lnx64.o/librdi_commonmain.so(+0xad53) [0x75e9f8c0ad53]
/home/vedaant/Vivado/2020.2/lib/lnx64.o/libtcl8.5.so(Tcl_Main+0x1d0) [0x75e9f1ea02f0]
/home/vedaant/Vivado/2020.2/lib/lnx64.o/librdi_common.so(+0xa1442b) [0x75e9f9a1442b]
/lib/x86_64-linux-gnu/libc.so.6(+0x94ac3) [0x75e9f8094ac3]
/lib/x86_64-linux-gnu/libc.so.6(+0x1268d0) [0x75e9f81268d0]
