Copyright 1986-2022 Xilinx, Inc. All Rights Reserved. Copyright 2022-2025 Advanced Micro Devices, Inc. All Rights Reserved.
---------------------------------------------------------------------------------------------------------------------------------------------
| Tool Version : Vivado v.2025.2 (lin64) Build 6299465 Fri Nov 14 12:34:56 MST 2025
| Date         : Fri Aug  7 15:25:32 2026
| Host         : cachyos-x8664 running 64-bit CachyOS
| Command      : report_timing_summary -file top_timing_synth.rpt
| Design       : top
| Device       : 7z020-clg400
| Speed File   : -1  PRODUCTION 1.12 2019-11-22
| Design State : Optimized
---------------------------------------------------------------------------------------------------------------------------------------------

Timing Summary Report

------------------------------------------------------------------------------------------------
| Timer Settings
| --------------
------------------------------------------------------------------------------------------------

  Enable Multi Corner Analysis               :  Yes
  Enable Pessimism Removal                   :  Yes
  Pessimism Removal Resolution               :  Nearest Common Node
  Enable Input Delay Default Clock           :  No
  Enable Preset / Clear Arcs                 :  No
  Disable Flight Delays                      :  No
  Ignore I/O Paths                           :  No
  Timing Early Launch at Borrowing Latches   :  No
  Borrow Time for Max Delay Exceptions       :  Yes
  Merge Timing Exceptions                    :  Yes
  Inter-SLR Compensation                     :  Conservative

  Corner  Analyze    Analyze    
  Name    Max Paths  Min Paths  
  ------  ---------  ---------  
  Slow    Yes        Yes        
  Fast    Yes        Yes        


------------------------------------------------------------------------------------------------
| Report Methodology
| ------------------
------------------------------------------------------------------------------------------------

No report available as report_methodology has not been run prior. Run report_methodology on the current design for the summary of methodology violations.



check_timing report

Table of Contents
-----------------
1. checking no_clock (172)
2. checking constant_clock (0)
3. checking pulse_width_clock (0)
4. checking unconstrained_internal_endpoints (280)
5. checking no_input_delay (44)
6. checking no_output_delay (46)
7. checking multiple_clock (0)
8. checking generated_clocks (0)
9. checking loops (0)
10. checking partial_input_delay (0)
11. checking partial_output_delay (0)
12. checking latch_loops (0)

1. checking no_clock (172)
--------------------------
 There are 171 register/latch pins with no clock driven by root clock pin: linienmodule_decimate_output_reg/Q (HIGH)

 There is 1 register/latch pin with no clock driven by root clock pin: linienmodule_dna_cnt_reg[0]/Q (HIGH)


2. checking constant_clock (0)
------------------------------
 There are 0 register/latch pins with constant_clock.


3. checking pulse_width_clock (0)
---------------------------------
 There are 0 register/latch pins which need pulse_width check


4. checking unconstrained_internal_endpoints (280)
--------------------------------------------------
 There are 280 pins that are not constrained for maximum delay. (HIGH)

 There are 0 pins that are not constrained for maximum delay due to constant clock.


5. checking no_input_delay (44)
-------------------------------
 There are 44 input ports with no input delay specified. (HIGH)

 There are 0 input ports with no input delay but user has a false path constraint.


6. checking no_output_delay (46)
--------------------------------
 There are 46 ports with no output delay specified. (HIGH)

 There are 0 ports with no output delay but user has a false path constraint

 There are 0 ports with no output delay but with a timing clock defined on it or propagating through it


7. checking multiple_clock (0)
------------------------------
 There are 0 register/latch pins with multiple clocks.


8. checking generated_clocks (0)
--------------------------------
 There are 0 generated clocks that are not connected to a clock source.


9. checking loops (0)
---------------------
 There are 0 combinational loops in the design.


10. checking partial_input_delay (0)
------------------------------------
 There are 0 input ports with partial input delay specified.


11. checking partial_output_delay (0)
-------------------------------------
 There are 0 ports with partial output delay specified.


12. checking latch_loops (0)
----------------------------
 There are 0 combinational latch loops in the design through latch input



------------------------------------------------------------------------------------------------
| Design Timing Summary
| ---------------------
------------------------------------------------------------------------------------------------

    WNS(ns)      TNS(ns)  TNS Failing Endpoints  TNS Total Endpoints      WHS(ns)      THS(ns)  THS Failing Endpoints  THS Total Endpoints     WPWS(ns)     TPWS(ns)  TPWS Failing Endpoints  TPWS Total Endpoints  
    -------      -------  ---------------------  -------------------      -------      -------  ---------------------  -------------------     --------     --------  ----------------------  --------------------  
     -5.966    -4051.582                   2484                31762       -0.757     -286.166                    458                31762        1.500        0.000                       0                 11074  


Timing constraints are not met.


------------------------------------------------------------------------------------------------
| Clock Summary
| -------------
------------------------------------------------------------------------------------------------

Clock       Waveform(ns)         Period(ns)      Frequency(MHz)
-----       ------------         ----------      --------------
clk125_p    {0.000 4.000}        8.000           125.000         
  clk_1     {0.000 2.000}        4.000           250.000         
  clk_2     {0.000 4.000}        8.000           125.000         
  clk_fb    {0.000 4.000}        8.000           125.000         
clk_fpga_0  {0.000 4.000}        8.000           125.000         
clk_fpga_1  {0.000 2.000}        4.000           250.000         
clk_fpga_2  {0.000 10.000}       20.000          50.000          
clk_fpga_3  {0.000 2.500}        5.000           200.000         


------------------------------------------------------------------------------------------------
| Intra Clock Table
| -----------------
------------------------------------------------------------------------------------------------

Clock             WNS(ns)      TNS(ns)  TNS Failing Endpoints  TNS Total Endpoints      WHS(ns)      THS(ns)  THS Failing Endpoints  THS Total Endpoints     WPWS(ns)     TPWS(ns)  TPWS Failing Endpoints  TPWS Total Endpoints  
-----             -------      -------  ---------------------  -------------------      -------      -------  ---------------------  -------------------     --------     --------  ----------------------  --------------------  
clk125_p                                                                                                                                                        2.000        0.000                       0                     2  
  clk_1             1.090        0.000                      0                   80        0.148        0.000                      0                   80        1.500        0.000                       0                    84  
  clk_2            -5.966    -4051.582                   2484                30782        0.045        0.000                      0                30782        3.500        0.000                       0                 10741  
  clk_fb                                                                                                                                                        5.845        0.000                       0                     3  
clk_fpga_0          2.260        0.000                      0                  512        0.132        0.000                      0                  512        3.500        0.000                       0                   244  


------------------------------------------------------------------------------------------------
| Inter Clock Table
| -----------------
------------------------------------------------------------------------------------------------

From Clock    To Clock          WNS(ns)      TNS(ns)  TNS Failing Endpoints  TNS Total Endpoints      WHS(ns)      THS(ns)  THS Failing Endpoints  THS Total Endpoints  
----------    --------          -------      -------  ---------------------  -------------------      -------      -------  ---------------------  -------------------  
clk_2         clk_1               1.196        0.000                      0                   64       -0.030       -0.957                     43                   64  
clk_fpga_0    clk_2               4.180        0.000                      0                  711       -0.757     -285.209                    415                  711  
clk_2         clk_fpga_0          2.049        0.000                      0                   34        0.271        0.000                      0                   34  


------------------------------------------------------------------------------------------------
| Other Path Groups Table
| -----------------------
------------------------------------------------------------------------------------------------

Path Group    From Clock    To Clock          WNS(ns)      TNS(ns)  TNS Failing Endpoints  TNS Total Endpoints      WHS(ns)      THS(ns)  THS Failing Endpoints  THS Total Endpoints  
----------    ----------    --------          -------      -------  ---------------------  -------------------      -------      -------  ---------------------  -------------------  


------------------------------------------------------------------------------------------------
| Timing Details
| --------------
------------------------------------------------------------------------------------------------


---------------------------------------------------------------------------------------------------
From Clock:  clk125_p
  To Clock:  clk125_p

Setup :           NA  Failing Endpoints,  Worst Slack           NA  ,  Total Violation           NA
Hold  :           NA  Failing Endpoints,  Worst Slack           NA  ,  Total Violation           NA
PW    :            0  Failing Endpoints,  Worst Slack        2.000ns,  Total Violation        0.000ns
---------------------------------------------------------------------------------------------------


Pulse Width Checks
--------------------------------------------------------------------------------------
Clock Name:         clk125_p
Waveform(ns):       { 0.000 4.000 }
Period(ns):         8.000
Sources:            { clk125_p }

Check Type        Corner  Lib Pin           Reference Pin  Required(ns)  Actual(ns)  Slack(ns)  Location  Pin
Min Period        n/a     BUFG/I            n/a            2.155         8.000       5.845                BUFG/I
Max Period        n/a     PLLE2_ADV/CLKIN1  n/a            52.633        8.000       44.633               PLLE2_BASE/CLKIN1
Low Pulse Width   Slow    PLLE2_ADV/CLKIN1  n/a            2.000         4.000       2.000                PLLE2_BASE/CLKIN1
High Pulse Width  Slow    PLLE2_ADV/CLKIN1  n/a            2.000         4.000       2.000                PLLE2_BASE/CLKIN1



---------------------------------------------------------------------------------------------------
From Clock:  clk_1
  To Clock:  clk_1

Setup :            0  Failing Endpoints,  Worst Slack        1.090ns,  Total Violation        0.000ns
Hold  :            0  Failing Endpoints,  Worst Slack        0.148ns,  Total Violation        0.000ns
PW    :            0  Failing Endpoints,  Worst Slack        1.500ns,  Total Violation        0.000ns
---------------------------------------------------------------------------------------------------


Max Delay Paths
--------------------------------------------------------------------------------------
Slack (MET) :             1.090ns  (required time - arrival time)
  Source:                 linienmodule_decimate_decimation_counter_reg[7]/C
                            (rising edge-triggered cell FDRE clocked by clk_1  {rise@0.000ns fall@2.000ns period=4.000ns})
  Destination:            linienmodule_decimate_output_reg/D
                            (rising edge-triggered cell FDRE clocked by clk_1  {rise@0.000ns fall@2.000ns period=4.000ns})
  Path Group:             clk_1
  Path Type:              Setup (Max at Slow Process Corner)
  Requirement:            4.000ns  (clk_1 rise@4.000ns - clk_1 rise@0.000ns)
  Data Path Delay:        2.746ns  (logic 1.318ns (47.997%)  route 1.428ns (52.003%))
  Logic Levels:           3  (LUT5=1 LUT6=1 MUXF7=1)
  Clock Path Skew:        -0.145ns (DCD - SCD + CPR)
    Destination Clock Delay (DCD):    2.415ns = ( 6.415 - 4.000 ) 
    Source Clock Delay      (SCD):    2.653ns
    Clock Pessimism Removal (CPR):    0.093ns
  Clock Uncertainty:      0.063ns  ((TSJ^2 + DJ^2)^1/2) / 2 + PE
    Total System Jitter     (TSJ):    0.071ns
    Discrete Jitter          (DJ):    0.104ns
    Phase Error              (PE):    0.000ns

    Location             Delay type                Incr(ns)  Path(ns)    Netlist Resource(s)
  -------------------------------------------------------------------    -------------------
                         (clock clk_1 rise edge)      0.000     0.000 r  
    U18                                               0.000     0.000 r  clk125_p (IN)
                         net (fo=0)                   0.000     0.000    clk125_p
    U18                  IBUFDS (Prop_ibufds_I_O)     0.951     0.951 r  IBUFGDS/O
                         net (fo=1, unplaced)         0.800     1.751    clk_adci
                         BUFG (Prop_bufg_I_O)         0.102     1.853 r  BUFG/O
                         net (fo=1, unplaced)         0.584     2.437    clk_adcb
                         PLLE2_ADV (Prop_plle2_adv_CLKIN1_CLKOUT1)
                                                     -1.485     0.952 r  PLLE2_BASE/CLKOUT1
                         net (fo=1, unplaced)         0.800     1.752    clk_1
                         BUFG (Prop_bufg_I_O)         0.101     1.853 r  BUFG_3/O
                         net (fo=82, unplaced)        0.800     2.653    sys_double_clk
                         FDRE                                         r  linienmodule_decimate_decimation_counter_reg[7]/C
  -------------------------------------------------------------------    -------------------
                         FDRE (Prop_fdre_C_Q)         0.478     3.131 r  linienmodule_decimate_decimation_counter_reg[7]/Q
                         net (fo=2, unplaced)         0.976     4.107    data7
                         LUT6 (Prop_lut6_I0_O)        0.295     4.402 r  linienmodule_decimate_output_i_7/O
                         net (fo=1, unplaced)         0.000     4.402    linienmodule_decimate_output_i_7_n_0
                         MUXF7 (Prop_muxf7_I1_O)      0.247     4.649 r  linienmodule_decimate_output_reg_i_3/O
                         net (fo=1, unplaced)         0.452     5.101    linienmodule_decimate_output_reg_i_3_n_0
                         LUT5 (Prop_lut5_I3_O)        0.298     5.399 r  linienmodule_decimate_output_i_1/O
                         net (fo=1, unplaced)         0.000     5.399    linienmodule_decimate_output_i_1_n_0
                         FDRE                                         r  linienmodule_decimate_output_reg/D
  -------------------------------------------------------------------    -------------------

                         (clock clk_1 rise edge)      4.000     4.000 r  
    U18                                               0.000     4.000 r  clk125_p (IN)
                         net (fo=0)                   0.000     4.000    clk125_p
    U18                  IBUFDS (Prop_ibufds_I_O)     0.909     4.909 r  IBUFGDS/O
                         net (fo=1, unplaced)         0.760     5.668    clk_adci
                         BUFG (Prop_bufg_I_O)         0.092     5.760 r  BUFG/O
                         net (fo=1, unplaced)         0.439     6.199    clk_adcb
                         PLLE2_ADV (Prop_plle2_adv_CLKIN1_CLKOUT1)
                                                     -1.290     4.910 r  PLLE2_BASE/CLKOUT1
                         net (fo=1, unplaced)         0.760     5.669    clk_1
                         BUFG (Prop_bufg_I_O)         0.091     5.760 r  BUFG_3/O
                         net (fo=82, unplaced)        0.655     6.415    sys_double_clk
                         FDRE                                         r  linienmodule_decimate_output_reg/C
                         clock pessimism              0.093     6.508    
                         clock uncertainty           -0.063     6.445    
                         FDRE (Setup_fdre_C_D)        0.044     6.489    linienmodule_decimate_output_reg
  -------------------------------------------------------------------
                         required time                          6.489    
                         arrival time                          -5.399    
  -------------------------------------------------------------------
                         slack                                  1.090    





Min Delay Paths
--------------------------------------------------------------------------------------
Slack (MET) :             0.148ns  (arrival time - required time)
  Source:                 linienmodule_deltasigma0_sigma_reg[11]/C
                            (rising edge-triggered cell FDRE clocked by clk_1  {rise@0.000ns fall@2.000ns period=4.000ns})
  Destination:            linienmodule_deltasigma0_sigma_reg[11]/D
                            (rising edge-triggered cell FDRE clocked by clk_1  {rise@0.000ns fall@2.000ns period=4.000ns})
  Path Group:             clk_1
  Path Type:              Hold (Min at Fast Process Corner)
  Requirement:            0.000ns  (clk_1 rise@0.000ns - clk_1 rise@0.000ns)
  Data Path Delay:        0.406ns  (logic 0.257ns (63.332%)  route 0.149ns (36.668%))
  Logic Levels:           2  (CARRY4=1 LUT2=1)
  Clock Path Skew:        0.145ns (DCD - SCD - CPR)
    Destination Clock Delay (DCD):    1.141ns
    Source Clock Delay      (SCD):    0.944ns
    Clock Pessimism Removal (CPR):    0.052ns

    Location             Delay type                Incr(ns)  Path(ns)    Netlist Resource(s)
  -------------------------------------------------------------------    -------------------
                         (clock clk_1 rise edge)      0.000     0.000 r  
    U18                                               0.000     0.000 r  clk125_p (IN)
                         net (fo=0)                   0.000     0.000    clk125_p
    U18                  IBUFDS (Prop_ibufds_I_O)     0.370     0.370 r  IBUFGDS/O
                         net (fo=1, unplaced)         0.337     0.707    clk_adci
                         BUFG (Prop_bufg_I_O)         0.027     0.734 r  BUFG/O
                         net (fo=1, unplaced)         0.114     0.848    clk_adcb
                         PLLE2_ADV (Prop_plle2_adv_CLKIN1_CLKOUT1)
                                                     -0.477     0.371 r  PLLE2_BASE/CLKOUT1
                         net (fo=1, unplaced)         0.337     0.708    clk_1
                         BUFG (Prop_bufg_I_O)         0.026     0.734 r  BUFG_3/O
                         net (fo=82, unplaced)        0.210     0.944    sys_double_clk
                         FDRE                                         r  linienmodule_deltasigma0_sigma_reg[11]/C
  -------------------------------------------------------------------    -------------------
                         FDRE (Prop_fdre_C_Q)         0.147     1.091 r  linienmodule_deltasigma0_sigma_reg[11]/Q
                         net (fo=1, unplaced)         0.149     1.240    linienmodule_deltasigma0_sigma[11]
                         LUT2 (Prop_lut2_I1_O)        0.045     1.285 r  linienmodule_deltasigma0_sigma[12]_i_3/O
                         net (fo=1, unplaced)         0.000     1.285    linienmodule_deltasigma0_sigma[12]_i_3_n_0
                         CARRY4 (Prop_carry4_S[2]_O[2])
                                                      0.065     1.350 r  linienmodule_deltasigma0_sigma_reg[12]_i_1/O[2]
                         net (fo=1, unplaced)         0.000     1.350    linienmodule_deltasigma0_sigma_reg[12]_i_1_n_5
                         FDRE                                         r  linienmodule_deltasigma0_sigma_reg[11]/D
  -------------------------------------------------------------------    -------------------

                         (clock clk_1 rise edge)      0.000     0.000 r  
    U18                                               0.000     0.000 r  clk125_p (IN)
                         net (fo=0)                   0.000     0.000    clk125_p
    U18                  IBUFDS (Prop_ibufds_I_O)     0.401     0.401 r  IBUFGDS/O
                         net (fo=1, unplaced)         0.355     0.756    clk_adci
                         BUFG (Prop_bufg_I_O)         0.030     0.786 r  BUFG/O
                         net (fo=1, unplaced)         0.259     1.045    clk_adcb
                         PLLE2_ADV (Prop_plle2_adv_CLKIN1_CLKOUT1)
                                                     -0.643     0.402 r  PLLE2_BASE/CLKOUT1
                         net (fo=1, unplaced)         0.355     0.757    clk_1
                         BUFG (Prop_bufg_I_O)         0.029     0.786 r  BUFG_3/O
                         net (fo=82, unplaced)        0.355     1.141    sys_double_clk
                         FDRE                                         r  linienmodule_deltasigma0_sigma_reg[11]/C
                         clock pessimism             -0.052     1.089    
                         FDRE (Hold_fdre_C_D)         0.113     1.202    linienmodule_deltasigma0_sigma_reg[11]
  -------------------------------------------------------------------
                         required time                         -1.202    
                         arrival time                           1.350    
  -------------------------------------------------------------------
                         slack                                  0.148    





Pulse Width Checks
--------------------------------------------------------------------------------------
Clock Name:         clk_1
Waveform(ns):       { 0.000 2.000 }
Period(ns):         4.000
Sources:            { PLLE2_BASE/CLKOUT1 }

Check Type        Corner  Lib Pin            Reference Pin  Required(ns)  Actual(ns)  Slack(ns)  Location  Pin
Min Period        n/a     BUFG/I             n/a            2.155         4.000       1.845                BUFG_3/I
Max Period        n/a     PLLE2_ADV/CLKOUT1  n/a            160.000       4.000       156.000              PLLE2_BASE/CLKOUT1
Low Pulse Width   Slow    FDRE/C             n/a            0.500         2.000       1.500                linienmodule_decimate_decimation_counter_reg[0]/C
High Pulse Width  Slow    FDRE/C             n/a            0.500         2.000       1.500                linienmodule_decimate_decimation_counter_reg[0]/C



---------------------------------------------------------------------------------------------------
From Clock:  clk_2
  To Clock:  clk_2

Setup :         2484  Failing Endpoints,  Worst Slack       -5.966ns,  Total Violation    -4051.582ns
Hold  :            0  Failing Endpoints,  Worst Slack        0.045ns,  Total Violation        0.000ns
PW    :            0  Failing Endpoints,  Worst Slack        3.500ns,  Total Violation        0.000ns
---------------------------------------------------------------------------------------------------


Max Delay Paths
--------------------------------------------------------------------------------------
Slack (VIOLATED) :        -5.966ns  (required time - arrival time)
  Source:                 linienmodule_pid_only_mode_storage_full_reg/C
                            (rising edge-triggered cell FDRE clocked by clk_2  {rise@0.000ns fall@4.000ns period=8.000ns})
  Destination:            linienmodule_pid_int_reg_reg[0]/D
                            (rising edge-triggered cell FDRE clocked by clk_2  {rise@0.000ns fall@4.000ns period=8.000ns})
  Path Group:             clk_2
  Path Type:              Setup (Max at Slow Process Corner)
  Requirement:            8.000ns  (clk_2 rise@8.000ns - clk_2 rise@0.000ns)
  Data Path Delay:        13.796ns  (logic 9.411ns (68.213%)  route 4.385ns (31.787%))
  Logic Levels:           23  (CARRY4=17 DSP48E1=1 LUT2=3 LUT3=2)
  Clock Path Skew:        -0.145ns (DCD - SCD + CPR)
    Destination Clock Delay (DCD):    2.415ns = ( 10.415 - 8.000 ) 
    Source Clock Delay      (SCD):    2.653ns
    Clock Pessimism Removal (CPR):    0.093ns
  Clock Uncertainty:      0.069ns  ((TSJ^2 + DJ^2)^1/2) / 2 + PE
    Total System Jitter     (TSJ):    0.071ns
    Discrete Jitter          (DJ):    0.118ns
    Phase Error              (PE):    0.000ns

    Location             Delay type                Incr(ns)  Path(ns)    Netlist Resource(s)
  -------------------------------------------------------------------    -------------------
                         (clock clk_2 rise edge)      0.000     0.000 r  
    U18                                               0.000     0.000 r  clk125_p (IN)
                         net (fo=0)                   0.000     0.000    clk125_p
    U18                  IBUFDS (Prop_ibufds_I_O)     0.951     0.951 r  IBUFGDS/O
                         net (fo=1, unplaced)         0.800     1.751    clk_adci
                         BUFG (Prop_bufg_I_O)         0.102     1.853 r  BUFG/O
                         net (fo=1, unplaced)         0.584     2.437    clk_adcb
                         PLLE2_ADV (Prop_plle2_adv_CLKIN1_CLKOUT2)
                                                     -1.485     0.952 r  PLLE2_BASE/CLKOUT2
                         net (fo=1, unplaced)         0.800     1.752    clk_2
                         BUFG (Prop_bufg_I_O)         0.101     1.853 r  BUFG_4/O
                         net (fo=10829, unplaced)     0.800     2.653    sys_clk
                         FDRE                                         r  linienmodule_pid_only_mode_storage_full_reg/C
  -------------------------------------------------------------------    -------------------
                         FDRE (Prop_fdre_C_Q)         0.478     3.131 r  linienmodule_pid_only_mode_storage_full_reg/Q
                         net (fo=51, unplaced)        0.824     3.955    linienmodule_pid_only_mode_storage
                         LUT3 (Prop_lut3_I0_O)        0.295     4.250 r  p_1_out__1_i_83/O
                         net (fo=1, unplaced)         0.000     4.250    p_1_out__1_i_83_n_0
                         CARRY4 (Prop_carry4_S[1]_CO[3])
                                                      0.533     4.783 r  p_1_out__1_i_34/CO[3]
                         net (fo=1, unplaced)         0.009     4.792    p_1_out__1_i_34_n_0
                         CARRY4 (Prop_carry4_CI_CO[3])
                                                      0.117     4.909 r  p_1_out__1_i_33/CO[3]
                         net (fo=1, unplaced)         0.000     4.909    p_1_out__1_i_33_n_0
                         CARRY4 (Prop_carry4_CI_CO[3])
                                                      0.117     5.026 r  p_1_out__1_i_32/CO[3]
                         net (fo=1, unplaced)         0.000     5.026    p_1_out__1_i_32_n_0
                         CARRY4 (Prop_carry4_CI_CO[3])
                                                      0.117     5.143 r  p_1_out__1_i_31/CO[3]
                         net (fo=1, unplaced)         0.000     5.143    p_1_out__1_i_31_n_0
                         CARRY4 (Prop_carry4_CI_CO[3])
                                                      0.117     5.260 r  p_1_out__1_i_30/CO[3]
                         net (fo=1, unplaced)         0.000     5.260    p_1_out__1_i_30_n_0
                         CARRY4 (Prop_carry4_CI_O[3])
                                                      0.331     5.591 r  p_1_out__1_i_29/O[3]
                         net (fo=1, unplaced)         0.618     6.209    p_1_out__1_i_29_n_4
                         LUT2 (Prop_lut2_I1_O)        0.307     6.516 r  p_1_out__1_i_3/O
                         net (fo=3, unplaced)         0.800     7.316    linienmodule_pid_error[23]
                         DSP48E1 (Prop_dsp48e1_A[22]_P[4])
                                                      3.841    11.157 r  p_1_out__1/P[4]
                         net (fo=2, unplaced)         0.800    11.956    p_1_out__1_n_101
                         LUT2 (Prop_lut2_I0_O)        0.124    12.080 r  linienmodule_pid_int_reg[3]_i_5/O
                         net (fo=1, unplaced)         0.000    12.080    linienmodule_pid_int_reg[3]_i_5_n_0
                         CARRY4 (Prop_carry4_S[1]_CO[3])
                                                      0.533    12.613 r  linienmodule_pid_int_reg_reg[3]_i_2/CO[3]
                         net (fo=1, unplaced)         0.009    12.622    linienmodule_pid_int_reg_reg[3]_i_2_n_0
                         CARRY4 (Prop_carry4_CI_CO[3])
                                                      0.117    12.739 r  linienmodule_pid_int_reg_reg[7]_i_2/CO[3]
                         net (fo=1, unplaced)         0.000    12.739    linienmodule_pid_int_reg_reg[7]_i_2_n_0
                         CARRY4 (Prop_carry4_CI_CO[3])
                                                      0.117    12.856 r  linienmodule_pid_int_reg_reg[11]_i_2/CO[3]
                         net (fo=1, unplaced)         0.000    12.856    linienmodule_pid_int_reg_reg[11]_i_2_n_0
                         CARRY4 (Prop_carry4_CI_CO[3])
                                                      0.117    12.973 r  linienmodule_pid_int_reg_reg[15]_i_2/CO[3]
                         net (fo=1, unplaced)         0.000    12.973    linienmodule_pid_int_reg_reg[15]_i_2_n_0
                         CARRY4 (Prop_carry4_CI_CO[3])
                                                      0.117    13.090 r  linienmodule_pid_int_reg_reg[17]_i_2/CO[3]
                         net (fo=1, unplaced)         0.000    13.090    linienmodule_pid_int_reg_reg[17]_i_2_n_0
                         CARRY4 (Prop_carry4_CI_CO[3])
                                                      0.117    13.207 r  linienmodule_pid_int_reg_reg[23]_i_2/CO[3]
                         net (fo=1, unplaced)         0.000    13.207    linienmodule_pid_int_reg_reg[23]_i_2_n_0
                         CARRY4 (Prop_carry4_CI_CO[3])
                                                      0.117    13.324 r  linienmodule_pid_int_reg_reg[27]_i_2/CO[3]
                         net (fo=1, unplaced)         0.000    13.324    linienmodule_pid_int_reg_reg[27]_i_2_n_0
                         CARRY4 (Prop_carry4_CI_CO[3])
                                                      0.117    13.441 r  linienmodule_pid_int_reg_reg[31]_i_2/CO[3]
                         net (fo=1, unplaced)         0.000    13.441    linienmodule_pid_int_reg_reg[31]_i_2_n_0
                         CARRY4 (Prop_carry4_CI_O[3])
                                                      0.331    13.772 r  linienmodule_pid_int_reg_reg[35]_i_2/O[3]
                         net (fo=3, unplaced)         0.636    14.408    linienmodule_pid_int_sum[35]
                         LUT2 (Prop_lut2_I1_O)        0.307    14.715 r  linienmodule_pid_int_reg[42]_i_21/O
                         net (fo=1, unplaced)         0.000    14.715    linienmodule_pid_int_reg[42]_i_21_n_0
                         CARRY4 (Prop_carry4_S[1]_CO[3])
                                                      0.533    15.248 r  linienmodule_pid_int_reg_reg[42]_i_7/CO[3]
                         net (fo=1, unplaced)         0.000    15.248    linienmodule_pid_int_reg_reg[42]_i_7_n_0
                         CARRY4 (Prop_carry4_CI_CO[1])
                                                      0.179    15.427 f  linienmodule_pid_int_reg_reg[42]_i_4/CO[1]
                         net (fo=43, unplaced)        0.690    16.117    linienmodule_pid_int_reg1
                         LUT3 (Prop_lut3_I0_O)        0.332    16.449 r  linienmodule_pid_int_reg[0]_i_1/O
                         net (fo=1, unplaced)         0.000    16.449    linienmodule_pid_int_reg[0]_i_1_n_0
                         FDRE                                         r  linienmodule_pid_int_reg_reg[0]/D
  -------------------------------------------------------------------    -------------------

                         (clock clk_2 rise edge)      8.000     8.000 r  
    U18                                               0.000     8.000 r  clk125_p (IN)
                         net (fo=0)                   0.000     8.000    clk125_p
    U18                  IBUFDS (Prop_ibufds_I_O)     0.909     8.909 r  IBUFGDS/O
                         net (fo=1, unplaced)         0.760     9.668    clk_adci
                         BUFG (Prop_bufg_I_O)         0.092     9.760 r  BUFG/O
                         net (fo=1, unplaced)         0.439    10.199    clk_adcb
                         PLLE2_ADV (Prop_plle2_adv_CLKIN1_CLKOUT2)
                                                     -1.290     8.910 r  PLLE2_BASE/CLKOUT2
                         net (fo=1, unplaced)         0.760     9.669    clk_2
                         BUFG (Prop_bufg_I_O)         0.091     9.760 r  BUFG_4/O
                         net (fo=10829, unplaced)     0.655    10.415    sys_clk
                         FDRE                                         r  linienmodule_pid_int_reg_reg[0]/C
                         clock pessimism              0.093    10.508    
                         clock uncertainty           -0.069    10.439    
                         FDRE (Setup_fdre_C_D)        0.044    10.483    linienmodule_pid_int_reg_reg[0]
  -------------------------------------------------------------------
                         required time                         10.483    
                         arrival time                         -16.449    
  -------------------------------------------------------------------
                         slack                                 -5.966    





Min Delay Paths
--------------------------------------------------------------------------------------
Slack (MET) :             0.045ns  (arrival time - required time)
  Source:                 xilinxmultiregimpl0_xilinxmultiregimpl00_reg[0]/C
                            (rising edge-triggered cell FDRE clocked by clk_2  {rise@0.000ns fall@4.000ns period=8.000ns})
  Destination:            xilinxmultiregimpl0_xilinxmultiregimpl01_reg[0]/D
                            (rising edge-triggered cell FDRE clocked by clk_2  {rise@0.000ns fall@4.000ns period=8.000ns})
  Path Group:             clk_2
  Path Type:              Hold (Min at Fast Process Corner)
  Requirement:            0.000ns  (clk_2 rise@0.000ns - clk_2 rise@0.000ns)
  Data Path Delay:        0.228ns  (logic 0.147ns (64.493%)  route 0.081ns (35.507%))
  Logic Levels:           0  
  Clock Path Skew:        0.145ns (DCD - SCD - CPR)
    Destination Clock Delay (DCD):    1.141ns
    Source Clock Delay      (SCD):    0.944ns
    Clock Pessimism Removal (CPR):    0.052ns

    Location             Delay type                Incr(ns)  Path(ns)    Netlist Resource(s)
  -------------------------------------------------------------------    -------------------
                         (clock clk_2 rise edge)      0.000     0.000 r  
    U18                                               0.000     0.000 r  clk125_p (IN)
                         net (fo=0)                   0.000     0.000    clk125_p
    U18                  IBUFDS (Prop_ibufds_I_O)     0.370     0.370 r  IBUFGDS/O
                         net (fo=1, unplaced)         0.337     0.707    clk_adci
                         BUFG (Prop_bufg_I_O)         0.027     0.734 r  BUFG/O
                         net (fo=1, unplaced)         0.114     0.848    clk_adcb
                         PLLE2_ADV (Prop_plle2_adv_CLKIN1_CLKOUT2)
                                                     -0.477     0.371 r  PLLE2_BASE/CLKOUT2
                         net (fo=1, unplaced)         0.337     0.708    clk_2
                         BUFG (Prop_bufg_I_O)         0.026     0.734 r  BUFG_4/O
                         net (fo=10829, unplaced)     0.210     0.944    sys_clk
                         FDRE                                         r  xilinxmultiregimpl0_xilinxmultiregimpl00_reg[0]/C
  -------------------------------------------------------------------    -------------------
                         FDRE (Prop_fdre_C_Q)         0.147     1.091 r  xilinxmultiregimpl0_xilinxmultiregimpl00_reg[0]/Q
                         net (fo=1, unplaced)         0.081     1.172    xilinxmultiregimpl0_xilinxmultiregimpl00[0]
                         FDRE                                         r  xilinxmultiregimpl0_xilinxmultiregimpl01_reg[0]/D
  -------------------------------------------------------------------    -------------------

                         (clock clk_2 rise edge)      0.000     0.000 r  
    U18                                               0.000     0.000 r  clk125_p (IN)
                         net (fo=0)                   0.000     0.000    clk125_p
    U18                  IBUFDS (Prop_ibufds_I_O)     0.401     0.401 r  IBUFGDS/O
                         net (fo=1, unplaced)         0.355     0.756    clk_adci
                         BUFG (Prop_bufg_I_O)         0.030     0.786 r  BUFG/O
                         net (fo=1, unplaced)         0.259     1.045    clk_adcb
                         PLLE2_ADV (Prop_plle2_adv_CLKIN1_CLKOUT2)
                                                     -0.643     0.402 r  PLLE2_BASE/CLKOUT2
                         net (fo=1, unplaced)         0.355     0.757    clk_2
                         BUFG (Prop_bufg_I_O)         0.029     0.786 r  BUFG_4/O
                         net (fo=10829, unplaced)     0.355     1.141    sys_clk
                         FDRE                                         r  xilinxmultiregimpl0_xilinxmultiregimpl01_reg[0]/C
                         clock pessimism             -0.052     1.089    
                         FDRE (Hold_fdre_C_D)         0.038     1.127    xilinxmultiregimpl0_xilinxmultiregimpl01_reg[0]
  -------------------------------------------------------------------
                         required time                         -1.127    
                         arrival time                           1.172    
  -------------------------------------------------------------------
                         slack                                  0.045    





Pulse Width Checks
--------------------------------------------------------------------------------------
Clock Name:         clk_2
Waveform(ns):       { 0.000 4.000 }
Period(ns):         8.000
Sources:            { PLLE2_BASE/CLKOUT2 }

Check Type        Corner  Lib Pin            Reference Pin  Required(ns)  Actual(ns)  Slack(ns)  Location   Pin
Min Period        n/a     XADC/DCLK          n/a            4.000         8.000       4.000      XADC_X0Y0  XADC/DCLK
Max Period        n/a     PLLE2_ADV/CLKOUT2  n/a            160.000       8.000       152.000               PLLE2_BASE/CLKOUT2
Low Pulse Width   Slow    FDRE/C             n/a            0.500         4.000       3.500                 FD/C
High Pulse Width  Slow    FDRE/C             n/a            0.500         4.000       3.500                 FD/C



---------------------------------------------------------------------------------------------------
From Clock:  clk_fb
  To Clock:  clk_fb

Setup :           NA  Failing Endpoints,  Worst Slack           NA  ,  Total Violation           NA
Hold  :           NA  Failing Endpoints,  Worst Slack           NA  ,  Total Violation           NA
PW    :            0  Failing Endpoints,  Worst Slack        5.845ns,  Total Violation        0.000ns
---------------------------------------------------------------------------------------------------


Pulse Width Checks
--------------------------------------------------------------------------------------
Clock Name:         clk_fb
Waveform(ns):       { 0.000 4.000 }
Period(ns):         8.000
Sources:            { PLLE2_BASE/CLKFBOUT }

Check Type  Corner  Lib Pin            Reference Pin  Required(ns)  Actual(ns)  Slack(ns)  Location  Pin
Min Period  n/a     BUFG/I             n/a            2.155         8.000       5.845                BUFG_1/I
Max Period  n/a     PLLE2_ADV/CLKFBIN  n/a            52.633        8.000       44.633               PLLE2_BASE/CLKFBIN



---------------------------------------------------------------------------------------------------
From Clock:  clk_fpga_0
  To Clock:  clk_fpga_0

Setup :            0  Failing Endpoints,  Worst Slack        2.260ns,  Total Violation        0.000ns
Hold  :            0  Failing Endpoints,  Worst Slack        0.132ns,  Total Violation        0.000ns
PW    :            0  Failing Endpoints,  Worst Slack        3.500ns,  Total Violation        0.000ns
---------------------------------------------------------------------------------------------------


Max Delay Paths
--------------------------------------------------------------------------------------
Slack (MET) :             2.260ns  (required time - arrival time)
  Source:                 system_processing_system7_0_0/inst/PS7_i/MAXIGP0ACLK
                            (rising edge-triggered cell PS7 clocked by clk_fpga_0  {rise@0.000ns fall@4.000ns period=8.000ns})
  Destination:            axi_slave/ack_cnt_reg[1]/R
                            (rising edge-triggered cell FDRE clocked by clk_fpga_0  {rise@0.000ns fall@4.000ns period=8.000ns})
  Path Group:             clk_fpga_0
  Path Type:              Setup (Max at Slow Process Corner)
  Requirement:            8.000ns  (clk_fpga_0 rise@8.000ns - clk_fpga_0 rise@0.000ns)
  Data Path Delay:        4.913ns  (logic 1.912ns (38.919%)  route 3.001ns (61.081%))
  Logic Levels:           4  (LUT4=1 LUT6=3)
  Clock Path Skew:        -0.145ns (DCD - SCD + CPR)
    Destination Clock Delay (DCD):    1.505ns = ( 9.505 - 8.000 ) 
    Source Clock Delay      (SCD):    1.700ns
    Clock Pessimism Removal (CPR):    0.050ns
  Clock Uncertainty:      0.125ns  ((TSJ^2 + TIJ^2)^1/2 + DJ) / 2 + PE
    Total System Jitter     (TSJ):    0.071ns
    Total Input Jitter      (TIJ):    0.240ns
    Discrete Jitter          (DJ):    0.000ns
    Phase Error              (PE):    0.000ns

    Location             Delay type                Incr(ns)  Path(ns)    Netlist Resource(s)
  -------------------------------------------------------------------    -------------------
                         (clock clk_fpga_0 rise edge)
                                                      0.000     0.000 r  
    PS7_X0Y0             PS7                          0.000     0.000 r  system_processing_system7_0_0/inst/PS7_i/FCLKCLK[0]
                         net (fo=1, unplaced)         0.800     0.800    system_processing_system7_0_0/inst/FCLK_CLK_unbuffered[0]
                         BUFG (Prop_bufg_I_O)         0.101     0.901 r  system_processing_system7_0_0/inst/buffer_fclk_clk_0.FCLK_CLK_0_BUFG/O
                         net (fo=244, unplaced)       0.800     1.700    system_processing_system7_0_0/inst/FCLK_CLK0
    PS7_X0Y0             PS7                                          r  system_processing_system7_0_0/inst/PS7_i/MAXIGP0ACLK
  -------------------------------------------------------------------    -------------------
    PS7_X0Y0             PS7 (Prop_ps7_MAXIGP0ACLK_MAXIGP0ARLEN[1])
                                                      1.416     3.116 r  system_processing_system7_0_0/inst/PS7_i/MAXIGP0ARLEN[1]
                         net (fo=1, unplaced)         0.800     3.916    system_processing_system7_0_0/ps_axi_arlen[1]
                         LUT6 (Prop_lut6_I5_O)        0.124     4.040 r  system_processing_system7_0_0/sys_ren_o_i_2/O
                         net (fo=3, unplaced)         0.467     4.507    axi_slave/rd_errorw
                         LUT4 (Prop_lut4_I2_O)        0.124     4.631 r  axi_slave/axi_bvalid_o_i_4/O
                         net (fo=1, unplaced)         0.449     5.080    axi_slave/axi_bvalid_o_i_4_n_0
                         LUT6 (Prop_lut6_I5_O)        0.124     5.204 f  axi_slave/axi_bvalid_o_i_2/O
                         net (fo=6, unplaced)         0.481     5.685    system_processing_system7_0_0/ack_cnt_reg[1]
                         LUT6 (Prop_lut6_I4_O)        0.124     5.809 r  system_processing_system7_0_0/ack_cnt[5]_i_1/O
                         net (fo=5, unplaced)         0.804     6.613    axi_slave/ack_cnt_reg[1]_0[0]
                         FDRE                                         r  axi_slave/ack_cnt_reg[1]/R
  -------------------------------------------------------------------    -------------------

                         (clock clk_fpga_0 rise edge)
                                                      8.000     8.000 r  
    PS7_X0Y0             PS7                          0.000     8.000 r  system_processing_system7_0_0/inst/PS7_i/FCLKCLK[0]
                         net (fo=1, unplaced)         0.760     8.760    system_processing_system7_0_0/inst/FCLK_CLK_unbuffered[0]
                         BUFG (Prop_bufg_I_O)         0.091     8.851 r  system_processing_system7_0_0/inst/buffer_fclk_clk_0.FCLK_CLK_0_BUFG/O
                         net (fo=244, unplaced)       0.655     9.505    axi_slave/FCLK_CLK0
                         FDRE                                         r  axi_slave/ack_cnt_reg[1]/C
                         clock pessimism              0.050     9.555    
                         clock uncertainty           -0.125     9.430    
                         FDRE (Setup_fdre_C_R)       -0.557     8.873    axi_slave/ack_cnt_reg[1]
  -------------------------------------------------------------------
                         required time                          8.873    
                         arrival time                          -6.613    
  -------------------------------------------------------------------
                         slack                                  2.260    





Min Delay Paths
--------------------------------------------------------------------------------------
Slack (MET) :             0.132ns  (arrival time - required time)
  Source:                 axi_slave/wr_awaddr_reg[12]/C
                            (rising edge-triggered cell FDRE clocked by clk_fpga_0  {rise@0.000ns fall@4.000ns period=8.000ns})
  Destination:            bus_clk_bridge/addr_o_reg[12]/D
                            (rising edge-triggered cell FDRE clocked by clk_fpga_0  {rise@0.000ns fall@4.000ns period=8.000ns})
  Path Group:             clk_fpga_0
  Path Type:              Hold (Min at Fast Process Corner)
  Requirement:            0.000ns  (clk_fpga_0 rise@0.000ns - clk_fpga_0 rise@0.000ns)
  Data Path Delay:        0.376ns  (logic 0.245ns (65.144%)  route 0.131ns (34.856%))
  Logic Levels:           1  (LUT3=1)
  Clock Path Skew:        0.145ns (DCD - SCD - CPR)
    Destination Clock Delay (DCD):    0.739ns
    Source Clock Delay      (SCD):    0.573ns
    Clock Pessimism Removal (CPR):    0.021ns

    Location             Delay type                Incr(ns)  Path(ns)    Netlist Resource(s)
  -------------------------------------------------------------------    -------------------
                         (clock clk_fpga_0 rise edge)
                                                      0.000     0.000 r  
    PS7_X0Y0             PS7                          0.000     0.000 r  system_processing_system7_0_0/inst/PS7_i/FCLKCLK[0]
                         net (fo=1, unplaced)         0.337     0.337    system_processing_system7_0_0/inst/FCLK_CLK_unbuffered[0]
                         BUFG (Prop_bufg_I_O)         0.026     0.363 r  system_processing_system7_0_0/inst/buffer_fclk_clk_0.FCLK_CLK_0_BUFG/O
                         net (fo=244, unplaced)       0.210     0.573    axi_slave/FCLK_CLK0
                         FDRE                                         r  axi_slave/wr_awaddr_reg[12]/C
  -------------------------------------------------------------------    -------------------
                         FDRE (Prop_fdre_C_Q)         0.147     0.720 r  axi_slave/wr_awaddr_reg[12]/Q
                         net (fo=1, unplaced)         0.131     0.851    axi_slave/wr_awaddr[12]
                         LUT3 (Prop_lut3_I2_O)        0.098     0.949 r  axi_slave/addr_o[12]_i_1/O
                         net (fo=3, unplaced)         0.000     0.949    bus_clk_bridge/addr_o_reg[15]_1[9]
                         FDRE                                         r  bus_clk_bridge/addr_o_reg[12]/D
  -------------------------------------------------------------------    -------------------

                         (clock clk_fpga_0 rise edge)
                                                      0.000     0.000 r  
    PS7_X0Y0             PS7                          0.000     0.000 r  system_processing_system7_0_0/inst/PS7_i/FCLKCLK[0]
                         net (fo=1, unplaced)         0.355     0.355    system_processing_system7_0_0/inst/FCLK_CLK_unbuffered[0]
                         BUFG (Prop_bufg_I_O)         0.029     0.384 r  system_processing_system7_0_0/inst/buffer_fclk_clk_0.FCLK_CLK_0_BUFG/O
                         net (fo=244, unplaced)       0.355     0.739    bus_clk_bridge/CLK
                         FDRE                                         r  bus_clk_bridge/addr_o_reg[12]/C
                         clock pessimism             -0.021     0.718    
                         FDRE (Hold_fdre_C_D)         0.099     0.817    bus_clk_bridge/addr_o_reg[12]
  -------------------------------------------------------------------
                         required time                         -0.817    
                         arrival time                           0.949    
  -------------------------------------------------------------------
                         slack                                  0.132    





Pulse Width Checks
--------------------------------------------------------------------------------------
Clock Name:         clk_fpga_0
Waveform(ns):       { 0.000 4.000 }
Period(ns):         8.000
Sources:            { system_processing_system7_0_0/inst/PS7_i/FCLKCLK[0] }

Check Type        Corner  Lib Pin  Reference Pin  Required(ns)  Actual(ns)  Slack(ns)  Location  Pin
Min Period        n/a     BUFG/I   n/a            2.155         8.000       5.845                system_processing_system7_0_0/inst/buffer_fclk_clk_0.FCLK_CLK_0_BUFG/I
Low Pulse Width   Slow    FDRE/C   n/a            0.500         4.000       3.500                dummyhk_bank_bus_dat_r_reg[0]/C
High Pulse Width  Slow    FDRE/C   n/a            0.500         4.000       3.500                dummyhk_bank_bus_dat_r_reg[0]/C



---------------------------------------------------------------------------------------------------
From Clock:  clk_2
  To Clock:  clk_1

Setup :            0  Failing Endpoints,  Worst Slack        1.196ns,  Total Violation        0.000ns
Hold  :           43  Failing Endpoints,  Worst Slack       -0.030ns,  Total Violation       -0.957ns
---------------------------------------------------------------------------------------------------


Max Delay Paths
--------------------------------------------------------------------------------------
Slack (MET) :             1.196ns  (required time - arrival time)
  Source:                 linienmodule_slow_decimation_storage_full_reg[1]/C
                            (rising edge-triggered cell FDRE clocked by clk_2  {rise@0.000ns fall@4.000ns period=8.000ns})
  Destination:            linienmodule_decimate_output_reg/D
                            (rising edge-triggered cell FDRE clocked by clk_1  {rise@0.000ns fall@2.000ns period=4.000ns})
  Path Group:             clk_1
  Path Type:              Setup (Max at Slow Process Corner)
  Requirement:            4.000ns  (clk_1 rise@4.000ns - clk_2 rise@0.000ns)
  Data Path Delay:        2.464ns  (logic 1.318ns (53.490%)  route 1.146ns (46.510%))
  Logic Levels:           3  (LUT5=1 LUT6=1 MUXF7=1)
  Clock Path Skew:        -0.195ns (DCD - SCD + CPR)
    Destination Clock Delay (DCD):    2.415ns = ( 6.415 - 4.000 ) 
    Source Clock Delay      (SCD):    2.653ns
    Clock Pessimism Removal (CPR):    0.043ns
  Clock Uncertainty:      0.189ns  ((TSJ^2 + DJ^2)^1/2) / 2 + PE
    Total System Jitter     (TSJ):    0.071ns
    Discrete Jitter          (DJ):    0.118ns
    Phase Error              (PE):    0.120ns

    Location             Delay type                Incr(ns)  Path(ns)    Netlist Resource(s)
  -------------------------------------------------------------------    -------------------
                         (clock clk_2 rise edge)      0.000     0.000 r  
    U18                                               0.000     0.000 r  clk125_p (IN)
                         net (fo=0)                   0.000     0.000    clk125_p
    U18                  IBUFDS (Prop_ibufds_I_O)     0.951     0.951 r  IBUFGDS/O
                         net (fo=1, unplaced)         0.800     1.751    clk_adci
                         BUFG (Prop_bufg_I_O)         0.102     1.853 r  BUFG/O
                         net (fo=1, unplaced)         0.584     2.437    clk_adcb
                         PLLE2_ADV (Prop_plle2_adv_CLKIN1_CLKOUT2)
                                                     -1.485     0.952 r  PLLE2_BASE/CLKOUT2
                         net (fo=1, unplaced)         0.800     1.752    clk_2
                         BUFG (Prop_bufg_I_O)         0.101     1.853 r  BUFG_4/O
                         net (fo=10829, unplaced)     0.800     2.653    sys_clk
                         FDRE                                         r  linienmodule_slow_decimation_storage_full_reg[1]/C
  -------------------------------------------------------------------    -------------------
                         FDRE (Prop_fdre_C_Q)         0.478     3.131 r  linienmodule_slow_decimation_storage_full_reg[1]/Q
                         net (fo=5, unplaced)         0.694     3.825    linienmodule_slow_decimation_storage__0[1]
                         LUT6 (Prop_lut6_I2_O)        0.295     4.120 r  linienmodule_decimate_output_i_7/O
                         net (fo=1, unplaced)         0.000     4.120    linienmodule_decimate_output_i_7_n_0
                         MUXF7 (Prop_muxf7_I1_O)      0.247     4.367 r  linienmodule_decimate_output_reg_i_3/O
                         net (fo=1, unplaced)         0.452     4.819    linienmodule_decimate_output_reg_i_3_n_0
                         LUT5 (Prop_lut5_I3_O)        0.298     5.117 r  linienmodule_decimate_output_i_1/O
                         net (fo=1, unplaced)         0.000     5.117    linienmodule_decimate_output_i_1_n_0
                         FDRE                                         r  linienmodule_decimate_output_reg/D
  -------------------------------------------------------------------    -------------------

                         (clock clk_1 rise edge)      4.000     4.000 r  
    U18                                               0.000     4.000 r  clk125_p (IN)
                         net (fo=0)                   0.000     4.000    clk125_p
    U18                  IBUFDS (Prop_ibufds_I_O)     0.909     4.909 r  IBUFGDS/O
                         net (fo=1, unplaced)         0.760     5.668    clk_adci
                         BUFG (Prop_bufg_I_O)         0.092     5.760 r  BUFG/O
                         net (fo=1, unplaced)         0.439     6.199    clk_adcb
                         PLLE2_ADV (Prop_plle2_adv_CLKIN1_CLKOUT1)
                                                     -1.290     4.910 r  PLLE2_BASE/CLKOUT1
                         net (fo=1, unplaced)         0.760     5.669    clk_1
                         BUFG (Prop_bufg_I_O)         0.091     5.760 r  BUFG_3/O
                         net (fo=82, unplaced)        0.655     6.415    sys_double_clk
                         FDRE                                         r  linienmodule_decimate_output_reg/C
                         clock pessimism              0.043     6.458    
                         clock uncertainty           -0.189     6.269    
                         FDRE (Setup_fdre_C_D)        0.044     6.313    linienmodule_decimate_output_reg
  -------------------------------------------------------------------
                         required time                          6.313    
                         arrival time                          -5.117    
  -------------------------------------------------------------------
                         slack                                  1.196    





Min Delay Paths
--------------------------------------------------------------------------------------
Slack (VIOLATED) :        -0.030ns  (arrival time - required time)
  Source:                 linienmodule_slow_out_shifted_reg[9]/C
                            (rising edge-triggered cell FDRE clocked by clk_2  {rise@0.000ns fall@4.000ns period=8.000ns})
  Destination:            linienmodule_deltasigma0_sigma_reg[10]/D
                            (rising edge-triggered cell FDRE clocked by clk_1  {rise@0.000ns fall@2.000ns period=4.000ns})
  Path Group:             clk_1
  Path Type:              Hold (Min at Fast Process Corner)
  Requirement:            0.000ns  (clk_1 rise@0.000ns - clk_2 rise@0.000ns)
  Data Path Delay:        0.437ns  (logic 0.292ns (66.754%)  route 0.145ns (33.246%))
  Logic Levels:           1  (CARRY4=1)
  Clock Path Skew:        0.166ns (DCD - SCD - CPR)
    Destination Clock Delay (DCD):    1.141ns
    Source Clock Delay      (SCD):    0.944ns
    Clock Pessimism Removal (CPR):    0.031ns
  Clock Uncertainty:      0.189ns  ((TSJ^2 + DJ^2)^1/2) / 2 + PE
    Total System Jitter     (TSJ):    0.071ns
    Discrete Jitter          (DJ):    0.118ns
    Phase Error              (PE):    0.120ns

    Location             Delay type                Incr(ns)  Path(ns)    Netlist Resource(s)
  -------------------------------------------------------------------    -------------------
                         (clock clk_2 rise edge)      0.000     0.000 r  
    U18                                               0.000     0.000 r  clk125_p (IN)
                         net (fo=0)                   0.000     0.000    clk125_p
    U18                  IBUFDS (Prop_ibufds_I_O)     0.370     0.370 r  IBUFGDS/O
                         net (fo=1, unplaced)         0.337     0.707    clk_adci
                         BUFG (Prop_bufg_I_O)         0.027     0.734 r  BUFG/O
                         net (fo=1, unplaced)         0.114     0.848    clk_adcb
                         PLLE2_ADV (Prop_plle2_adv_CLKIN1_CLKOUT2)
                                                     -0.477     0.371 r  PLLE2_BASE/CLKOUT2
                         net (fo=1, unplaced)         0.337     0.708    clk_2
                         BUFG (Prop_bufg_I_O)         0.026     0.734 r  BUFG_4/O
                         net (fo=10829, unplaced)     0.210     0.944    sys_clk
                         FDRE                                         r  linienmodule_slow_out_shifted_reg[9]/C
  -------------------------------------------------------------------    -------------------
                         FDRE (Prop_fdre_C_Q)         0.147     1.091 r  linienmodule_slow_out_shifted_reg[9]/Q
                         net (fo=2, unplaced)         0.145     1.236    linienmodule_slow_out_shifted[9]
                         CARRY4 (Prop_carry4_DI[0]_O[1])
                                                      0.145     1.381 r  linienmodule_deltasigma0_sigma_reg[12]_i_1/O[1]
                         net (fo=1, unplaced)         0.000     1.381    linienmodule_deltasigma0_sigma_reg[12]_i_1_n_6
                         FDRE                                         r  linienmodule_deltasigma0_sigma_reg[10]/D
  -------------------------------------------------------------------    -------------------

                         (clock clk_1 rise edge)      0.000     0.000 r  
    U18                                               0.000     0.000 r  clk125_p (IN)
                         net (fo=0)                   0.000     0.000    clk125_p
    U18                  IBUFDS (Prop_ibufds_I_O)     0.401     0.401 r  IBUFGDS/O
                         net (fo=1, unplaced)         0.355     0.756    clk_adci
                         BUFG (Prop_bufg_I_O)         0.030     0.786 r  BUFG/O
                         net (fo=1, unplaced)         0.259     1.045    clk_adcb
                         PLLE2_ADV (Prop_plle2_adv_CLKIN1_CLKOUT1)
                                                     -0.643     0.402 r  PLLE2_BASE/CLKOUT1
                         net (fo=1, unplaced)         0.355     0.757    clk_1
                         BUFG (Prop_bufg_I_O)         0.029     0.786 r  BUFG_3/O
                         net (fo=82, unplaced)        0.355     1.141    sys_double_clk
                         FDRE                                         r  linienmodule_deltasigma0_sigma_reg[10]/C
                         clock pessimism             -0.031     1.110    
                         clock uncertainty            0.189     1.299    
                         FDRE (Hold_fdre_C_D)         0.113     1.412    linienmodule_deltasigma0_sigma_reg[10]
  -------------------------------------------------------------------
                         required time                         -1.412    
                         arrival time                           1.381    
  -------------------------------------------------------------------
                         slack                                 -0.030    





---------------------------------------------------------------------------------------------------
From Clock:  clk_fpga_0
  To Clock:  clk_2

Setup :            0  Failing Endpoints,  Worst Slack        4.180ns,  Total Violation        0.000ns
Hold  :          415  Failing Endpoints,  Worst Slack       -0.757ns,  Total Violation     -285.209ns
---------------------------------------------------------------------------------------------------


Max Delay Paths
--------------------------------------------------------------------------------------
Slack (MET) :             4.180ns  (required time - arrival time)
  Source:                 red_pitaya_scope/i_bridge/addr_o_reg[16]/C
                            (rising edge-triggered cell FDRE clocked by clk_fpga_0  {rise@0.000ns fall@4.000ns period=8.000ns})
  Destination:            red_pitaya_scope/set_b_filt_bb_reg[0]/CE
                            (rising edge-triggered cell FDRE clocked by clk_2  {rise@0.000ns fall@4.000ns period=8.000ns})
  Path Group:             clk_2
  Path Type:              Setup (Max at Slow Process Corner)
  Requirement:            8.000ns  (clk_2 rise@8.000ns - clk_fpga_0 rise@0.000ns)
  Data Path Delay:        4.097ns  (logic 1.137ns (27.752%)  route 2.960ns (72.248%))
  Logic Levels:           4  (LUT2=1 LUT5=1 LUT6=2)
  Clock Path Skew:        0.715ns (DCD - SCD + CPR)
    Destination Clock Delay (DCD):    2.415ns = ( 10.415 - 8.000 ) 
    Source Clock Delay      (SCD):    1.700ns
    Clock Pessimism Removal (CPR):    0.000ns
  Clock Uncertainty:      0.235ns  ((TSJ^2 + TIJ^2 + DJ^2)^1/2) / 2 + PE
    Total System Jitter     (TSJ):    0.071ns
    Total Input Jitter      (TIJ):    0.240ns
    Discrete Jitter          (DJ):    0.118ns
    Phase Error              (PE):    0.097ns
  Clock Domain Crossing:  Inter clock paths are considered valid unless explicitly excluded by timing constraints such as set_clock_groups or set_false_path.

    Location             Delay type                Incr(ns)  Path(ns)    Netlist Resource(s)
  -------------------------------------------------------------------    -------------------
                         (clock clk_fpga_0 rise edge)
                                                      0.000     0.000 r  
    PS7_X0Y0             PS7                          0.000     0.000 r  system_processing_system7_0_0/inst/PS7_i/FCLKCLK[0]
                         net (fo=1, unplaced)         0.800     0.800    system_processing_system7_0_0/inst/FCLK_CLK_unbuffered[0]
                         BUFG (Prop_bufg_I_O)         0.101     0.901 r  system_processing_system7_0_0/inst/buffer_fclk_clk_0.FCLK_CLK_0_BUFG/O
                         net (fo=244, unplaced)       0.800     1.700    red_pitaya_scope/i_bridge/FCLK_CLK0
                         FDRE                                         r  red_pitaya_scope/i_bridge/addr_o_reg[16]/C
  -------------------------------------------------------------------    -------------------
                         FDRE (Prop_fdre_C_Q)         0.478     2.178 r  red_pitaya_scope/i_bridge/addr_o_reg[16]/Q
                         net (fo=53, unplaced)        1.049     3.227    red_pitaya_scope/i_bridge/addr[16]
                         LUT6 (Prop_lut6_I0_O)        0.295     3.522 f  red_pitaya_scope/i_bridge/set_b_hyst[13]_i_5/O
                         net (fo=1, unplaced)         0.449     3.971    red_pitaya_scope/i_bridge/set_b_hyst[13]_i_5_n_0
                         LUT5 (Prop_lut5_I4_O)        0.116     4.087 r  red_pitaya_scope/i_bridge/set_b_hyst[13]_i_3/O
                         net (fo=8, unplaced)         0.457     4.544    red_pitaya_scope/i_bridge/set_b_hyst[13]_i_3_n_0
                         LUT2 (Prop_lut2_I0_O)        0.124     4.668 r  red_pitaya_scope/i_bridge/set_dec[31]_i_2/O
                         net (fo=3, unplaced)         0.467     5.135    red_pitaya_scope/i_bridge/set_dec[31]_i_2_n_0
                         LUT6 (Prop_lut6_I0_O)        0.124     5.259 r  red_pitaya_scope/i_bridge/set_b_filt_bb[24]_i_1/O
                         net (fo=25, unplaced)        0.538     5.797    red_pitaya_scope/i_bridge_n_82
                         FDRE                                         r  red_pitaya_scope/set_b_filt_bb_reg[0]/CE
  -------------------------------------------------------------------    -------------------

                         (clock clk_2 rise edge)      8.000     8.000 r  
    U18                                               0.000     8.000 r  clk125_p (IN)
                         net (fo=0)                   0.000     8.000    clk125_p
    U18                  IBUFDS (Prop_ibufds_I_O)     0.909     8.909 r  IBUFGDS/O
                         net (fo=1, unplaced)         0.760     9.668    clk_adci
                         BUFG (Prop_bufg_I_O)         0.092     9.760 r  BUFG/O
                         net (fo=1, unplaced)         0.439    10.199    clk_adcb
                         PLLE2_ADV (Prop_plle2_adv_CLKIN1_CLKOUT2)
                                                     -1.290     8.910 r  PLLE2_BASE/CLKOUT2
                         net (fo=1, unplaced)         0.760     9.669    clk_2
                         BUFG (Prop_bufg_I_O)         0.091     9.760 r  BUFG_4/O
                         net (fo=10829, unplaced)     0.655    10.415    red_pitaya_scope/sys_clk
                         FDRE                                         r  red_pitaya_scope/set_b_filt_bb_reg[0]/C
                         clock pessimism              0.000    10.415    
                         clock uncertainty           -0.235    10.180    
                         FDRE (Setup_fdre_C_CE)      -0.202     9.978    red_pitaya_scope/set_b_filt_bb_reg[0]
  -------------------------------------------------------------------
                         required time                          9.978    
                         arrival time                          -5.797    
  -------------------------------------------------------------------
                         slack                                  4.180    





Min Delay Paths
--------------------------------------------------------------------------------------
Slack (VIOLATED) :        -0.757ns  (arrival time - required time)
  Source:                 bus_clk_bridge/addr_o_reg[12]/C
                            (rising edge-triggered cell FDRE clocked by clk_fpga_0  {rise@0.000ns fall@4.000ns period=8.000ns})
  Destination:            linienmodule_csr_adr_reg[10]/D
                            (rising edge-triggered cell FDRE clocked by clk_2  {rise@0.000ns fall@4.000ns period=8.000ns})
  Path Group:             clk_2
  Path Type:              Hold (Min at Slow Process Corner)
  Requirement:            0.000ns  (clk_2 rise@0.000ns - clk_fpga_0 rise@0.000ns)
  Data Path Delay:        0.702ns  (logic 0.385ns (54.820%)  route 0.317ns (45.180%))
  Logic Levels:           0  
  Clock Path Skew:        1.147ns (DCD - SCD - CPR)
    Destination Clock Delay (DCD):    2.653ns
    Source Clock Delay      (SCD):    1.505ns
    Clock Pessimism Removal (CPR):    -0.000ns
  Clock Uncertainty:      0.235ns  ((TSJ^2 + TIJ^2 + DJ^2)^1/2) / 2 + PE
    Total System Jitter     (TSJ):    0.071ns
    Total Input Jitter      (TIJ):    0.240ns
    Discrete Jitter          (DJ):    0.118ns
    Phase Error              (PE):    0.097ns
  Clock Domain Crossing:  Inter clock paths are considered valid unless explicitly excluded by timing constraints such as set_clock_groups or set_false_path.

    Location             Delay type                Incr(ns)  Path(ns)    Netlist Resource(s)
  -------------------------------------------------------------------    -------------------
                         (clock clk_fpga_0 rise edge)
                                                      0.000     0.000 r  
    PS7_X0Y0             PS7                          0.000     0.000 r  system_processing_system7_0_0/inst/PS7_i/FCLKCLK[0]
                         net (fo=1, unplaced)         0.760     0.760    system_processing_system7_0_0/inst/FCLK_CLK_unbuffered[0]
                         BUFG (Prop_bufg_I_O)         0.091     0.851 r  system_processing_system7_0_0/inst/buffer_fclk_clk_0.FCLK_CLK_0_BUFG/O
                         net (fo=244, unplaced)       0.655     1.505    bus_clk_bridge/CLK
                         FDRE                                         r  bus_clk_bridge/addr_o_reg[12]/C
  -------------------------------------------------------------------    -------------------
                         FDRE (Prop_fdre_C_Q)         0.385     1.890 r  bus_clk_bridge/addr_o_reg[12]/Q
                         net (fo=1, unplaced)         0.317     2.208    linienmodule_sys_addr[12]
                         FDRE                                         r  linienmodule_csr_adr_reg[10]/D
  -------------------------------------------------------------------    -------------------

                         (clock clk_2 rise edge)      0.000     0.000 r  
    U18                                               0.000     0.000 r  clk125_p (IN)
                         net (fo=0)                   0.000     0.000    clk125_p
    U18                  IBUFDS (Prop_ibufds_I_O)     0.951     0.951 r  IBUFGDS/O
                         net (fo=1, unplaced)         0.800     1.751    clk_adci
                         BUFG (Prop_bufg_I_O)         0.102     1.853 r  BUFG/O
                         net (fo=1, unplaced)         0.584     2.437    clk_adcb
                         PLLE2_ADV (Prop_plle2_adv_CLKIN1_CLKOUT2)
                                                     -1.485     0.952 r  PLLE2_BASE/CLKOUT2
                         net (fo=1, unplaced)         0.800     1.752    clk_2
                         BUFG (Prop_bufg_I_O)         0.101     1.853 r  BUFG_4/O
                         net (fo=10829, unplaced)     0.800     2.653    sys_clk
                         FDRE                                         r  linienmodule_csr_adr_reg[10]/C
                         clock pessimism              0.000     2.653    
                         clock uncertainty            0.235     2.888    
                         FDRE (Hold_fdre_C_D)         0.077     2.965    linienmodule_csr_adr_reg[10]
  -------------------------------------------------------------------
                         required time                         -2.965    
                         arrival time                           2.208    
  -------------------------------------------------------------------
                         slack                                 -0.757    





---------------------------------------------------------------------------------------------------
From Clock:  clk_2
  To Clock:  clk_fpga_0

Setup :            0  Failing Endpoints,  Worst Slack        2.049ns,  Total Violation        0.000ns
Hold  :            0  Failing Endpoints,  Worst Slack        0.271ns,  Total Violation        0.000ns
---------------------------------------------------------------------------------------------------


Max Delay Paths
--------------------------------------------------------------------------------------
Slack (MET) :             2.049ns  (required time - arrival time)
  Source:                 red_pitaya_scope/adc_b_q_buf_reg_2/CLKBWRCLK
                            (rising edge-triggered cell RAMB36E1 clocked by clk_2  {rise@0.000ns fall@4.000ns period=8.000ns})
  Destination:            axi_slave/axi_rdata_o_reg[20]/D
                            (rising edge-triggered cell FDRE clocked by clk_fpga_0  {rise@0.000ns fall@4.000ns period=8.000ns})
  Path Group:             clk_fpga_0
  Path Type:              Setup (Max at Slow Process Corner)
  Requirement:            8.000ns  (clk_fpga_0 rise@8.000ns - clk_2 rise@0.000ns)
  Data Path Delay:        4.613ns  (logic 2.702ns (58.577%)  route 1.911ns (41.423%))
  Logic Levels:           2  (LUT6=2)
  Clock Path Skew:        -1.147ns (DCD - SCD + CPR)
    Destination Clock Delay (DCD):    1.505ns = ( 9.505 - 8.000 ) 
    Source Clock Delay      (SCD):    2.653ns
    Clock Pessimism Removal (CPR):    0.000ns
  Clock Uncertainty:      0.235ns  ((TSJ^2 + TIJ^2 + DJ^2)^1/2) / 2 + PE
    Total System Jitter     (TSJ):    0.071ns
    Total Input Jitter      (TIJ):    0.240ns
    Discrete Jitter          (DJ):    0.118ns
    Phase Error              (PE):    0.097ns
  Clock Domain Crossing:  Inter clock paths are considered valid unless explicitly excluded by timing constraints such as set_clock_groups or set_false_path.

    Location             Delay type                Incr(ns)  Path(ns)    Netlist Resource(s)
  -------------------------------------------------------------------    -------------------
                         (clock clk_2 rise edge)      0.000     0.000 r  
    U18                                               0.000     0.000 r  clk125_p (IN)
                         net (fo=0)                   0.000     0.000    clk125_p
    U18                  IBUFDS (Prop_ibufds_I_O)     0.951     0.951 r  IBUFGDS/O
                         net (fo=1, unplaced)         0.800     1.751    clk_adci
                         BUFG (Prop_bufg_I_O)         0.102     1.853 r  BUFG/O
                         net (fo=1, unplaced)         0.584     2.437    clk_adcb
                         PLLE2_ADV (Prop_plle2_adv_CLKIN1_CLKOUT2)
                                                     -1.485     0.952 r  PLLE2_BASE/CLKOUT2
                         net (fo=1, unplaced)         0.800     1.752    clk_2
                         BUFG (Prop_bufg_I_O)         0.101     1.853 r  BUFG_4/O
                         net (fo=10829, unplaced)     0.800     2.653    red_pitaya_scope/sys_clk
                         RAMB36E1                                     r  red_pitaya_scope/adc_b_q_buf_reg_2/CLKBWRCLK
  -------------------------------------------------------------------    -------------------
                         RAMB36E1 (Prop_ramb36e1_CLKBWRCLK_DOBDO[0])
                                                      2.454     5.107 r  red_pitaya_scope/adc_b_q_buf_reg_2/DOBDO[0]
                         net (fo=2, unplaced)         0.800     5.907    red_pitaya_scope/i_bridge/adc_b_q_rd[4]
                         LUT6 (Prop_lut6_I4_O)        0.124     6.031 f  red_pitaya_scope/i_bridge/i_5_LOPT_REMAP_2/O
                         net (fo=1, unplaced)         1.111     7.142    red_pitaya_scope/i_bridge/i_5/O_n_2
                         LUT6 (Prop_lut6_I3_O)        0.124     7.266 r  red_pitaya_scope/i_bridge/i_0_LOPT_REMAP_4/O
                         net (fo=1, unplaced)         0.000     7.266    axi_slave/axi_rdata_o_reg[20]_0
                         FDRE                                         r  axi_slave/axi_rdata_o_reg[20]/D
  -------------------------------------------------------------------    -------------------

                         (clock clk_fpga_0 rise edge)
                                                      8.000     8.000 r  
    PS7_X0Y0             PS7                          0.000     8.000 r  system_processing_system7_0_0/inst/PS7_i/FCLKCLK[0]
                         net (fo=1, unplaced)         0.760     8.760    system_processing_system7_0_0/inst/FCLK_CLK_unbuffered[0]
                         BUFG (Prop_bufg_I_O)         0.091     8.851 r  system_processing_system7_0_0/inst/buffer_fclk_clk_0.FCLK_CLK_0_BUFG/O
                         net (fo=244, unplaced)       0.655     9.505    axi_slave/FCLK_CLK0
                         FDRE                                         r  axi_slave/axi_rdata_o_reg[20]/C
                         clock pessimism              0.000     9.505    
                         clock uncertainty           -0.235     9.270    
                         FDRE (Setup_fdre_C_D)        0.044     9.314    axi_slave/axi_rdata_o_reg[20]
  -------------------------------------------------------------------
                         required time                          9.314    
                         arrival time                          -7.266    
  -------------------------------------------------------------------
                         slack                                  2.049    





Min Delay Paths
--------------------------------------------------------------------------------------
Slack (MET) :             0.271ns  (arrival time - required time)
  Source:                 bus_clk_bridge/dst_done_reg/C
                            (rising edge-triggered cell FDRE clocked by clk_2  {rise@0.000ns fall@4.000ns period=8.000ns})
  Destination:            bus_clk_bridge/sys_sync_reg[0]/D
                            (rising edge-triggered cell FDRE clocked by clk_fpga_0  {rise@0.000ns fall@4.000ns period=8.000ns})
  Path Group:             clk_fpga_0
  Path Type:              Hold (Min at Fast Process Corner)
  Requirement:            0.000ns  (clk_fpga_0 rise@0.000ns - clk_2 rise@0.000ns)
  Data Path Delay:        0.292ns  (logic 0.147ns (50.269%)  route 0.145ns (49.731%))
  Logic Levels:           0  
  Clock Path Skew:        -0.205ns (DCD - SCD - CPR)
    Destination Clock Delay (DCD):    0.739ns
    Source Clock Delay      (SCD):    0.944ns
    Clock Pessimism Removal (CPR):    -0.000ns
  Clock Uncertainty:      0.235ns  ((TSJ^2 + TIJ^2 + DJ^2)^1/2) / 2 + PE
    Total System Jitter     (TSJ):    0.071ns
    Total Input Jitter      (TIJ):    0.240ns
    Discrete Jitter          (DJ):    0.118ns
    Phase Error              (PE):    0.097ns
  Clock Domain Crossing:  Inter clock paths are considered valid unless explicitly excluded by timing constraints such as set_clock_groups or set_false_path.

    Location             Delay type                Incr(ns)  Path(ns)    Netlist Resource(s)
  -------------------------------------------------------------------    -------------------
                         (clock clk_2 rise edge)      0.000     0.000 r  
    U18                                               0.000     0.000 r  clk125_p (IN)
                         net (fo=0)                   0.000     0.000    clk125_p
    U18                  IBUFDS (Prop_ibufds_I_O)     0.370     0.370 r  IBUFGDS/O
                         net (fo=1, unplaced)         0.337     0.707    clk_adci
                         BUFG (Prop_bufg_I_O)         0.027     0.734 r  BUFG/O
                         net (fo=1, unplaced)         0.114     0.848    clk_adcb
                         PLLE2_ADV (Prop_plle2_adv_CLKIN1_CLKOUT2)
                                                     -0.477     0.371 r  PLLE2_BASE/CLKOUT2
                         net (fo=1, unplaced)         0.337     0.708    clk_2
                         BUFG (Prop_bufg_I_O)         0.026     0.734 r  BUFG_4/O
                         net (fo=10829, unplaced)     0.210     0.944    bus_clk_bridge/sys_clk
                         FDRE                                         r  bus_clk_bridge/dst_done_reg/C
  -------------------------------------------------------------------    -------------------
                         FDRE (Prop_fdre_C_Q)         0.147     1.091 r  bus_clk_bridge/dst_done_reg/Q
                         net (fo=2, unplaced)         0.145     1.236    bus_clk_bridge/dst_done
                         FDRE                                         r  bus_clk_bridge/sys_sync_reg[0]/D
  -------------------------------------------------------------------    -------------------

                         (clock clk_fpga_0 rise edge)
                                                      0.000     0.000 r  
    PS7_X0Y0             PS7                          0.000     0.000 r  system_processing_system7_0_0/inst/PS7_i/FCLKCLK[0]
                         net (fo=1, unplaced)         0.355     0.355    system_processing_system7_0_0/inst/FCLK_CLK_unbuffered[0]
                         BUFG (Prop_bufg_I_O)         0.029     0.384 r  system_processing_system7_0_0/inst/buffer_fclk_clk_0.FCLK_CLK_0_BUFG/O
                         net (fo=244, unplaced)       0.355     0.739    bus_clk_bridge/CLK
                         FDRE                                         r  bus_clk_bridge/sys_sync_reg[0]/C
                         clock pessimism              0.000     0.739    
                         clock uncertainty            0.235     0.974    
                         FDRE (Hold_fdre_C_D)        -0.009     0.965    bus_clk_bridge/sys_sync_reg[0]
  -------------------------------------------------------------------
                         required time                         -0.965    
                         arrival time                           1.236    
  -------------------------------------------------------------------
                         slack                                  0.271    





