Copyright 1986-2020 Xilinx, Inc. All Rights Reserved.
------------------------------------------------------------------------------------
| Tool Version : Vivado v.2020.2 (lin64) Build 3064766 Wed Nov 18 09:12:47 MST 2020
| Date         : Wed Jul  1 06:32:11 2026
| Host         : pop-os running 64-bit Pop!_OS 22.04 LTS
| Command      : report_utilization -file top_utilization_synth.rpt
| Design       : top
| Device       : 7z010clg400-1
| Design State : Optimized
------------------------------------------------------------------------------------

Utilization Design Information

Table of Contents
-----------------
1. Slice Logic
1.1 Summary of Registers by Type
2. Memory
3. DSP
4. IO and GT Specific
5. Clocking
6. Specific Feature
7. Primitives
8. Black Boxes
9. Instantiated Netlists

1. Slice Logic
--------------

+-------------------------+-------+-------+-----------+-------+
|        Site Type        |  Used | Fixed | Available | Util% |
+-------------------------+-------+-------+-----------+-------+
| Slice LUTs*             | 15371 |     0 |     17600 | 87.34 |
|   LUT as Logic          | 15371 |     0 |     17600 | 87.34 |
|   LUT as Memory         |     0 |     0 |      6000 |  0.00 |
| Slice Registers         | 11559 |     0 |     35200 | 32.84 |
|   Register as Flip Flop | 11559 |     0 |     35200 | 32.84 |
|   Register as Latch     |     0 |     0 |     35200 |  0.00 |
| F7 Muxes                |   364 |     0 |      8800 |  4.14 |
| F8 Muxes                |    99 |     0 |      4400 |  2.25 |
+-------------------------+-------+-------+-----------+-------+
* Warning! The Final LUT count, after physical optimizations and full implementation, is typically lower. Run opt_design after synthesis, if not already completed, for a more realistic count.


1.1 Summary of Registers by Type
--------------------------------

+-------+--------------+-------------+--------------+
| Total | Clock Enable | Synchronous | Asynchronous |
+-------+--------------+-------------+--------------+
| 0     |            _ |           - |            - |
| 0     |            _ |           - |          Set |
| 0     |            _ |           - |        Reset |
| 0     |            _ |         Set |            - |
| 0     |            _ |       Reset |            - |
| 0     |          Yes |           - |            - |
| 0     |          Yes |           - |          Set |
| 0     |          Yes |           - |        Reset |
| 371   |          Yes |         Set |            - |
| 11188 |          Yes |       Reset |            - |
+-------+--------------+-------------+--------------+


2. Memory
---------

+-------------------+------+-------+-----------+-------+
|     Site Type     | Used | Fixed | Available | Util% |
+-------------------+------+-------+-----------+-------+
| Block RAM Tile    | 29.5 |     0 |        60 | 49.17 |
|   RAMB36/FIFO*    |   28 |     0 |        60 | 46.67 |
|     RAMB36E1 only |   28 |       |           |       |
|   RAMB18          |    3 |     0 |       120 |  2.50 |
|     RAMB18E1 only |    3 |       |           |       |
+-------------------+------+-------+-----------+-------+
* Note: Each Block RAM Tile only has one FIFO logic available and therefore can accommodate only one FIFO36E1 or one FIFO18E1. However, if a FIFO18E1 occupies a Block RAM Tile, that tile can still accommodate a RAMB18E1


3. DSP
------

+----------------+------+-------+-----------+--------+
|    Site Type   | Used | Fixed | Available |  Util% |
+----------------+------+-------+-----------+--------+
| DSPs           |   80 |     0 |        80 | 100.00 |
|   DSP48E1 only |   80 |       |           |        |
+----------------+------+-------+-----------+--------+


4. IO and GT Specific
---------------------

+-----------------------------+------+-------+-----------+--------+
|          Site Type          | Used | Fixed | Available |  Util% |
+-----------------------------+------+-------+-----------+--------+
| Bonded IOB                  |   87 |    87 |       100 |  87.00 |
|   IOB Master Pads           |   41 |       |           |        |
|   IOB Slave Pads            |   42 |       |           |        |
| Bonded IPADs                |    2 |     2 |         2 | 100.00 |
| Bonded IOPADs               |  130 |   130 |       130 | 100.00 |
| PHY_CONTROL                 |    0 |     0 |         2 |   0.00 |
| PHASER_REF                  |    0 |     0 |         2 |   0.00 |
| OUT_FIFO                    |    0 |     0 |         8 |   0.00 |
| IN_FIFO                     |    0 |     0 |         8 |   0.00 |
| IDELAYCTRL                  |    0 |     0 |         2 |   0.00 |
| IBUFDS                      |    1 |     1 |        96 |   1.04 |
| PHASER_OUT/PHASER_OUT_PHY   |    0 |     0 |         8 |   0.00 |
| PHASER_IN/PHASER_IN_PHY     |    0 |     0 |         8 |   0.00 |
| IDELAYE2/IDELAYE2_FINEDELAY |    0 |     0 |       100 |   0.00 |
| ILOGIC                      |    0 |     0 |       100 |   0.00 |
| OLOGIC                      |   17 |    17 |       100 |  17.00 |
|   OUTFF_ODDR_Register       |   17 |    17 |           |        |
+-----------------------------+------+-------+-----------+--------+


5. Clocking
-----------

+------------+------+-------+-----------+-------+
|  Site Type | Used | Fixed | Available | Util% |
+------------+------+-------+-----------+-------+
| BUFGCTRL   |    6 |     0 |        32 | 18.75 |
| BUFIO      |    0 |     0 |         8 |  0.00 |
| MMCME2_ADV |    0 |     0 |         2 |  0.00 |
| PLLE2_ADV  |    1 |     0 |         2 | 50.00 |
| BUFMRCE    |    0 |     0 |         4 |  0.00 |
| BUFHCE     |    0 |     0 |        48 |  0.00 |
| BUFR       |    0 |     0 |         8 |  0.00 |
+------------+------+-------+-----------+-------+


6. Specific Feature
-------------------

+-------------+------+-------+-----------+--------+
|  Site Type  | Used | Fixed | Available |  Util% |
+-------------+------+-------+-----------+--------+
| BSCANE2     |    0 |     0 |         4 |   0.00 |
| CAPTUREE2   |    0 |     0 |         1 |   0.00 |
| DNA_PORT    |    1 |     0 |         1 | 100.00 |
| EFUSE_USR   |    0 |     0 |         1 |   0.00 |
| FRAME_ECCE2 |    0 |     0 |         1 |   0.00 |
| ICAPE2      |    0 |     0 |         2 |   0.00 |
| STARTUPE2   |    0 |     0 |         1 |   0.00 |
| XADC        |    1 |     1 |         1 | 100.00 |
+-------------+------+-------+-----------+--------+


7. Primitives
-------------

+-----------+-------+----------------------+
|  Ref Name |  Used |  Functional Category |
+-----------+-------+----------------------+
| FDRE      | 11188 |         Flop & Latch |
| LUT2      |  5225 |                  LUT |
| LUT6      |  4632 |                  LUT |
| LUT4      |  2982 |                  LUT |
| LUT3      |  2942 |                  LUT |
| CARRY4    |  2619 |           CarryLogic |
| LUT5      |  2111 |                  LUT |
| LUT1      |   385 |                  LUT |
| FDSE      |   371 |         Flop & Latch |
| MUXF7     |   364 |                MuxFx |
| BIBUF     |   130 |                   IO |
| MUXF8     |    99 |                MuxFx |
| DSP48E1   |    80 |     Block Arithmetic |
| IBUF      |    54 |                   IO |
| OBUF      |    33 |                   IO |
| RAMB36E1  |    28 |         Block Memory |
| ODDR      |    17 |                   IO |
| OBUFT     |    16 |                   IO |
| BUFG      |     6 |                Clock |
| RAMB18E1  |     3 |         Block Memory |
| XADC      |     1 |               Others |
| PS7       |     1 | Specialized Resource |
| PLLE2_ADV |     1 |                Clock |
| IBUFDS    |     1 |                   IO |
| DNA_PORT  |     1 |               Others |
+-----------+-------+----------------------+


8. Black Boxes
--------------

+----------+------+
| Ref Name | Used |
+----------+------+


9. Instantiated Netlists
------------------------

+----------+------+
| Ref Name | Used |
+----------+------+


