Copyright 1986-2022 Xilinx, Inc. All Rights Reserved. Copyright 2022-2025 Advanced Micro Devices, Inc. All Rights Reserved.
-------------------------------------------------------------------------------------------------------------------------------------------------
<<<<<<< HEAD
| Tool Version     : Vivado v.2025.2 (lin64) Build 6299465 Fri Nov 14 12:34:56 MST 2025
| Date             : Wed Aug  5 04:37:23 2026
| Host             : cachyos-x8664 running 64-bit CachyOS
| Command          : report_power -file top_power.rpt
| Design           : top
| Device           : xc7z010clg400-1
=======
| Tool Version     : Vivado v.2025.2 (win64) Build 6299465 Fri Nov 14 19:35:11 GMT 2025
| Date             : Fri Jul 24 23:20:15 2026
| Host             : TejaskumarBabel running 64-bit major release  (build 9200)
| Command          : report_power -file top_power.rpt
| Design           : top
| Device           : xc7z020clg400-1
>>>>>>> gen2-7020-port
| Design State     : routed
| Grade            : commercial
| Process          : typical
| Characterization : Production
-------------------------------------------------------------------------------------------------------------------------------------------------

Power Report

Table of Contents
-----------------
1. Summary
1.1 On-Chip Components
1.2 Power Supply Summary
1.3 Confidence Level
2. Settings
2.1 Environment
2.2 Clock Constraints
3. Detailed Reports
3.1 By Hierarchy

1. Summary
----------

+--------------------------+--------------+
<<<<<<< HEAD
| Total On-Chip Power (W)  | 2.339        |
| Design Power Budget (W)  | Unspecified* |
| Power Budget Margin (W)  | NA           |
| Dynamic (W)              | 2.195        |
| Device Static (W)        | 0.143        |
| Effective TJA (C/W)      | 11.5         |
| Max Ambient (C)          | 58.0         |
| Junction Temperature (C) | 52.0         |
=======
| Total On-Chip Power (W)  | 2.455        |
| Design Power Budget (W)  | Unspecified* |
| Power Budget Margin (W)  | NA           |
| Dynamic (W)              | 2.281        |
| Device Static (W)        | 0.174        |
| Effective TJA (C/W)      | 11.5         |
| Max Ambient (C)          | 56.7         |
| Junction Temperature (C) | 53.3         |
>>>>>>> gen2-7020-port
| Confidence Level         | Low          |
| Setting File             | ---          |
| Simulation Activity File | ---          |
| Design Nets Matched      | NA           |
+--------------------------+--------------+
* Specify Design Power Budget using, set_operating_conditions -design_power_budget <value in Watts>


1.1 On-Chip Components
----------------------

+----------------+-----------+----------+-----------+-----------------+
| On-Chip        | Power (W) | Used     | Available | Utilization (%) |
+----------------+-----------+----------+-----------+-----------------+
<<<<<<< HEAD
| Clocks         |     0.055 |       10 |       --- |             --- |
| Slice Logic    |     0.144 |    32873 |       --- |             --- |
|   LUT as Logic |     0.119 |    14892 |     17600 |           84.61 |
|   CARRY4       |     0.017 |     2564 |      4400 |           58.27 |
|   Register     |     0.007 |    11766 |     35200 |           33.43 |
|   F7/F8 Muxes  |    <0.001 |      502 |     17600 |            2.85 |
|   BUFG         |    <0.001 |        1 |        32 |            3.13 |
|   Others       |     0.000 |      255 |       --- |             --- |
| Signals        |     0.198 |    28184 |       --- |             --- |
| Block RAM      |     0.087 |       29 |        60 |           48.33 |
| PLL            |     0.098 |        1 |         2 |           50.00 |
| DSPs           |     0.097 |       80 |        80 |          100.00 |
| I/O            |     0.238 |       87 |       100 |           87.00 |
| XADC           |     0.002 |        1 |       --- |             --- |
| PS7            |     1.277 |        1 |       --- |             --- |
| Static Power   |     0.143 |          |           |                 |
| Total          |     2.339 |          |           |                 |
=======
| Clocks         |     0.072 |       10 |       --- |             --- |
| Slice Logic    |     0.112 |    26347 |       --- |             --- |
|   LUT as Logic |     0.092 |    10844 |     53200 |           20.38 |
|   CARRY4       |     0.013 |     1759 |     13300 |           13.23 |
|   Register     |     0.007 |    11428 |    106400 |           10.74 |
|   F7/F8 Muxes  |    <0.001 |      523 |     53200 |            0.98 |
|   BUFG         |    <0.001 |        1 |        32 |            3.13 |
|   Others       |     0.000 |      164 |       --- |             --- |
| Signals        |     0.132 |    22518 |       --- |             --- |
| Block RAM      |     0.086 |     29.5 |       140 |           21.07 |
| PLL            |     0.098 |        1 |         4 |           25.00 |
| DSPs           |     0.114 |       97 |       220 |           44.09 |
| I/O            |     0.388 |       87 |       125 |           69.60 |
| XADC           |     0.002 |        1 |       --- |             --- |
| PS7            |     1.277 |        1 |       --- |             --- |
| Static Power   |     0.174 |          |           |                 |
| Total          |     2.455 |          |           |                 |
>>>>>>> gen2-7020-port
+----------------+-----------+----------+-----------+-----------------+


1.2 Power Supply Summary
------------------------

+-----------+-------------+-----------+-------------+------------+-------------+-------------+------------+
| Source    | Voltage (V) | Total (A) | Dynamic (A) | Static (A) | Powerup (A) | Budget (A)  | Margin (A) |
+-----------+-------------+-----------+-------------+------------+-------------+-------------+------------+
<<<<<<< HEAD
| Vccint    |       1.000 |     0.591 |       0.580 |      0.011 |       NA    | Unspecified | NA         |
| Vccaux    |       1.800 |     0.066 |       0.056 |      0.010 |       NA    | Unspecified | NA         |
| Vcco33    |       3.300 |     0.068 |       0.067 |      0.001 |       NA    | Unspecified | NA         |
=======
| Vccint    |       1.000 |     0.539 |       0.517 |      0.023 |       NA    | Unspecified | NA         |
| Vccaux    |       1.800 |     0.077 |       0.058 |      0.018 |       NA    | Unspecified | NA         |
| Vcco33    |       3.300 |     0.112 |       0.111 |      0.001 |       NA    | Unspecified | NA         |
>>>>>>> gen2-7020-port
| Vcco25    |       2.500 |     0.000 |       0.000 |      0.000 |       NA    | Unspecified | NA         |
| Vcco18    |       1.800 |     0.004 |       0.003 |      0.001 |       NA    | Unspecified | NA         |
| Vcco15    |       1.500 |     0.000 |       0.000 |      0.000 |       NA    | Unspecified | NA         |
| Vcco135   |       1.350 |     0.000 |       0.000 |      0.000 |       NA    | Unspecified | NA         |
| Vcco12    |       1.200 |     0.000 |       0.000 |      0.000 |       NA    | Unspecified | NA         |
| Vccaux_io |       1.800 |     0.000 |       0.000 |      0.000 |       NA    | Unspecified | NA         |
<<<<<<< HEAD
| Vccbram   |       1.000 |     0.010 |       0.007 |      0.003 |       NA    | Unspecified | NA         |
| MGTAVcc   |       1.000 |     0.000 |       0.000 |      0.000 |       NA    | Unspecified | NA         |
| MGTAVtt   |       1.200 |     0.000 |       0.000 |      0.000 |       NA    | Unspecified | NA         |
| MGTVccaux |       1.800 |     0.000 |       0.000 |      0.000 |       NA    | Unspecified | NA         |
| Vccpint   |       1.000 |     0.702 |       0.663 |      0.039 |       NA    | Unspecified | NA         |
=======
| Vccbram   |       1.000 |     0.011 |       0.007 |      0.004 |       NA    | Unspecified | NA         |
| MGTAVcc   |       1.000 |     0.000 |       0.000 |      0.000 |       NA    | Unspecified | NA         |
| MGTAVtt   |       1.200 |     0.000 |       0.000 |      0.000 |       NA    | Unspecified | NA         |
| MGTVccaux |       1.800 |     0.000 |       0.000 |      0.000 |       NA    | Unspecified | NA         |
| Vccpint   |       1.000 |     0.704 |       0.663 |      0.041 |       NA    | Unspecified | NA         |
>>>>>>> gen2-7020-port
| Vccpaux   |       1.800 |     0.038 |       0.027 |      0.010 |       NA    | Unspecified | NA         |
| Vccpll    |       1.800 |     0.017 |       0.014 |      0.003 |       NA    | Unspecified | NA         |
| Vcco_ddr  |       1.500 |     0.356 |       0.354 |      0.002 |       NA    | Unspecified | NA         |
| Vcco_mio0 |       3.300 |     0.002 |       0.001 |      0.001 |       NA    | Unspecified | NA         |
| Vcco_mio1 |       2.500 |     0.003 |       0.002 |      0.001 |       NA    | Unspecified | NA         |
| Vccadc    |       1.800 |     0.021 |       0.001 |      0.020 |       NA    | Unspecified | NA         |
+-----------+-------------+-----------+-------------+------------+-------------+-------------+------------+


1.3 Confidence Level
--------------------

+-----------------------------+------------+--------------------------------------------------------+------------------------------------------------------------------------------------------------------------+
| User Input Data             | Confidence | Details                                                | Action                                                                                                     |
+-----------------------------+------------+--------------------------------------------------------+------------------------------------------------------------------------------------------------------------+
| Design implementation state | High       | Design is routed                                       |                                                                                                            |
| Clock nodes activity        | High       | User specified more than 95% of clocks                 |                                                                                                            |
| I/O nodes activity          | Low        | More than 75% of inputs are missing user specification | Provide missing input activity with simulation results or by editing the "By Resource Type -> I/Os" view   |
| Internal nodes activity     | Medium     | User specified less than 25% of internal nodes         | Provide missing internal nodes activity with simulation results or by editing the "By Resource Type" views |
| Device models               | High       | Device models are Production                           |                                                                                                            |
|                             |            |                                                        |                                                                                                            |
| Overall confidence level    | Low        |                                                        |                                                                                                            |
+-----------------------------+------------+--------------------------------------------------------+------------------------------------------------------------------------------------------------------------+


2. Settings
-----------

2.1 Environment
---------------

+-----------------------+------------------------+
| Ambient Temp (C)      | 25.0                   |
| ThetaJA (C/W)         | 11.5                   |
| Airflow (LFM)         | 250                    |
| Heat Sink             | none                   |
| ThetaSA (C/W)         | 0.0                    |
| Board Selection       | medium (10"x10")       |
| # of Board Layers     | 8to11 (8 to 11 Layers) |
| Board Temperature (C) | 25.0                   |
+-----------------------+------------------------+


2.2 Clock Constraints
---------------------

+------------+-----------------------------------------------------------+-----------------+
| Clock      | Domain                                                    | Constraint (ns) |
+------------+-----------------------------------------------------------+-----------------+
| clk125_p   | clk125_p                                                  |             8.0 |
| clk_1      | clk_1                                                     |             4.0 |
| clk_2      | clk_2                                                     |             8.0 |
| clk_fb     | clk_fb                                                    |             8.0 |
| clk_fpga_0 | system_processing_system7_0_0/inst/FCLK_CLK_unbuffered[0] |             8.0 |
+------------+-----------------------------------------------------------+-----------------+


3. Detailed Reports
-------------------

3.1 By Hierarchy
----------------

+---------------------------------+-----------+
| Name                            | Power (W) |
+---------------------------------+-----------+
<<<<<<< HEAD
| top                             |     2.195 |
|   axi_slave                     |     0.002 |
|   red_pitaya_scope              |     0.109 |
|   sequence_top                  |     0.011 |
|     BRAM                        |     0.002 |
|     fsm_reg_file                |     0.003 |
|     u_control                   |     0.002 |
|     u_sinusoid                  |     0.001 |
=======
| top                             |     2.281 |
|   axi_slave                     |     0.002 |
|   red_pitaya_scope              |     0.107 |
|   sequence_top                  |     0.009 |
|     BRAM                        |     0.002 |
|     fsm_reg_file                |     0.001 |
|     u_chirp_gen                 |     0.001 |
|     u_control                   |     0.002 |
|     u_sinusoid                  |     0.002 |
>>>>>>> gen2-7020-port
|   system_processing_system7_0_0 |     1.278 |
|     inst                        |     1.278 |
+---------------------------------+-----------+


