Copyright 1986-2022 Xilinx, Inc. All Rights Reserved. Copyright 2022-2025 Advanced Micro Devices, Inc. All Rights Reserved.
---------------------------------------------------------------------------------------------------------------------------------------------
| Tool Version : Vivado v.2025.2 (lin64) Build 6299465 Fri Nov 14 12:34:56 MST 2025
| Date         : Wed Sep 30 15:34:09 2026
| Host         : cachyos-x8664 running 64-bit CachyOS
| Command      : report_utilization -hierarchical -file top_utilization_hierarchical_synth.rpt
| Design       : top
| Device       : xc7z020clg400-1
| Speed File   : -1
| Design State : Optimized
---------------------------------------------------------------------------------------------------------------------------------------------

Utilization Design Information

Table of Contents
-----------------
1. Utilization by Hierarchy

1. Utilization by Hierarchy
---------------------------

+------------------------+------------------+------------+------------+---------+------+-------+--------+--------+------------+
|        Instance        |      Module      | Total LUTs | Logic LUTs | LUTRAMs | SRLs |  FFs  | RAMB36 | RAMB18 | DSP Blocks |
+------------------------+------------------+------------+------------+---------+------+-------+--------+--------+------------+
| top                    |            (top) |      11778 |      11778 |       0 |    0 | 11913 |     35 |      3 |         97 |
|   (top)                |            (top) |       9532 |       9532 |       0 |    0 | 10038 |      7 |      0 |         95 |
|   axi_slave            |        axi_slave |        111 |        111 |       0 |    0 |   148 |      0 |      0 |          0 |
|   red_pitaya_scope     | red_pitaya_scope |       1213 |       1213 |       0 |    0 |   903 |     28 |      0 |          0 |
|     (red_pitaya_scope) | red_pitaya_scope |        998 |        998 |       0 |    0 |   841 |     28 |      0 |          0 |
|     i_bridge           | bus_clk_bridge_0 |        215 |        215 |       0 |    0 |    62 |      0 |      0 |          0 |
|   sequence_top         |     sequence_top |        660 |        660 |       0 |    0 |   675 |      0 |      3 |          2 |
|     u_arb_wave         |         arb_wave |         52 |         52 |       0 |    0 |    75 |      0 |      0 |          0 |
|     u_chirp_gen        |        chirp_gen |         98 |         98 |       0 |    0 |   161 |      0 |      0 |          0 |
|     u_control          |          control |        292 |        292 |       0 |    0 |    94 |      0 |      0 |          0 |
|     u_linear_ramp      |      linear_ramp |         59 |         59 |       0 |    0 |   107 |      0 |      0 |          0 |
|     u_sinusoid         |         sinusoid |        151 |        151 |       0 |    0 |   210 |      0 |      1 |          2 |
|       (u_sinusoid)     |         sinusoid |        137 |        137 |       0 |    0 |   210 |      0 |      0 |          2 |
|   temp_sampler         |     temp_sampler |        220 |        220 |       0 |    0 |    93 |      0 |      0 |          0 |
+------------------------+------------------+------------+------------+---------+------+-------+--------+--------+------------+


