#-----------------------------------------------------------
# Vivado v2025.2 (64-bit)
# SW Build 6299465 on Fri Nov 14 12:34:56 MST 2025
# IP Build 6300035 on Fri Nov 14 10:48:45 MST 2025
# SharedData Build 6298862 on Thu Nov 13 04:50:51 MST 2025
# Start of session at: Fri Jul 31 01:24:12 2026
# Process ID         : 715973
# Current directory  : /home/vedaant/school/quantum_work/linien/gateware/build
# Command line       : vivado -mode batch -source top.tcl
# Log file           : /home/vedaant/school/quantum_work/linien/gateware/build/vivado.log
# Journal file       : /home/vedaant/school/quantum_work/linien/gateware/build/vivado.jou
# Running On         : cachyos-x8664
# Platform           : cachyos
# Operating System   : CachyOS
# Processor Detail   : AMD RYZEN AI MAX+ 395 w/ Radeon 8060S
# CPU Frequency      : 2076.807 MHz
# CPU Physical cores : 16
# CPU Logical cores  : 32
# Host memory        : 29034 MB
# Swap memory        : 29034 MB
# Total Virtual      : 58068 MB
# Available Virtual  : 42234 MB
#-----------------------------------------------------------
source top.tcl
# source "top_route.tcl"
## create_project -force -name top -part xc7z010-clg400-1
## set_property XPM_LIBRARIES {XPM_CDC XPM_MEMORY} [current_project]
## add_files {imports/home/vedaant/school/quantum_work/linien/gateware/verilog/axi_slave.v}
## set_property library work [get_files {imports/home/vedaant/school/quantum_work/linien/gateware/verilog/axi_slave.v}]
## add_files {imports/home/vedaant/school/quantum_work/linien/gateware/verilog/bus_clk_bridge.v}
## set_property library work [get_files {imports/home/vedaant/school/quantum_work/linien/gateware/verilog/bus_clk_bridge.v}]
## add_files {imports/home/vedaant/school/quantum_work/linien/gateware/verilog/processing_system7_v5_4_processing_system7.v}
## set_property library work [get_files {imports/home/vedaant/school/quantum_work/linien/gateware/verilog/processing_system7_v5_4_processing_system7.v}]
## add_files {imports/home/vedaant/school/quantum_work/linien/gateware/verilog/red_pitaya_scope.v}
## set_property library work [get_files {imports/home/vedaant/school/quantum_work/linien/gateware/verilog/red_pitaya_scope.v}]
## add_files {imports/home/vedaant/school/quantum_work/linien/gateware/verilog/system_processing_system7_0_0.v}
## set_property library work [get_files {imports/home/vedaant/school/quantum_work/linien/gateware/verilog/system_processing_system7_0_0.v}]
## add_files {imports/home/vedaant/school/quantum_work/linien/src/ROM.sv}
## set_property library work [get_files {imports/home/vedaant/school/quantum_work/linien/src/ROM.sv}]
## add_files {imports/home/vedaant/school/quantum_work/linien/src/arb_wave.sv}
## set_property library work [get_files {imports/home/vedaant/school/quantum_work/linien/src/arb_wave.sv}]
## add_files {imports/home/vedaant/school/quantum_work/linien/src/bram.sv}
## set_property library work [get_files {imports/home/vedaant/school/quantum_work/linien/src/bram.sv}]
## add_files {imports/home/vedaant/school/quantum_work/linien/src/chirp_gen.sv}
## set_property library work [get_files {imports/home/vedaant/school/quantum_work/linien/src/chirp_gen.sv}]
## add_files {imports/home/vedaant/school/quantum_work/linien/src/chirp_gen_tb.sv}
## set_property library work [get_files {imports/home/vedaant/school/quantum_work/linien/src/chirp_gen_tb.sv}]
## add_files {imports/home/vedaant/school/quantum_work/linien/src/control.sv}
## set_property library work [get_files {imports/home/vedaant/school/quantum_work/linien/src/control.sv}]
## add_files {imports/home/vedaant/school/quantum_work/linien/src/delay.sv}
## set_property library work [get_files {imports/home/vedaant/school/quantum_work/linien/src/delay.sv}]
## add_files {imports/home/vedaant/school/quantum_work/linien/src/direct_jump.sv}
## set_property library work [get_files {imports/home/vedaant/school/quantum_work/linien/src/direct_jump.sv}]
## add_files {imports/home/vedaant/school/quantum_work/linien/src/linear_ramp.sv}
## set_property library work [get_files {imports/home/vedaant/school/quantum_work/linien/src/linear_ramp.sv}]
## add_files {imports/home/vedaant/school/quantum_work/linien/src/reg_file_adapter.v}
## set_property library work [get_files {imports/home/vedaant/school/quantum_work/linien/src/reg_file_adapter.v}]
## add_files {imports/home/vedaant/school/quantum_work/linien/src/sequence_top.sv}
## set_property library work [get_files {imports/home/vedaant/school/quantum_work/linien/src/sequence_top.sv}]
## add_files {imports/home/vedaant/school/quantum_work/linien/src/sinusoid.sv}
## set_property library work [get_files {imports/home/vedaant/school/quantum_work/linien/src/sinusoid.sv}]
## add_files {top.v}
## set_property library work [get_files {top.v}]
## read_xdc top.xdc
## read_xdc -ref processing_system7_v5_4_processing_system7 ../verilog/system_processing_system7_0_0.xdc
## synth_design -top top -part xc7z010-clg400-1
Command: synth_design -top top -part xc7z010-clg400-1
Starting synth_design
Attempting to get a license for feature 'Synthesis' and/or device 'xc7z010'
INFO: [Common 17-349] Got license for feature 'Synthesis' and/or device 'xc7z010'
INFO: [Device 21-403] Loading part xc7z010clg400-1
INFO: [Synth 8-7079] Multithreading enabled for synth_design using a maximum of 7 processes.
INFO: [Synth 8-7078] Launching helper process for spawning children vivado processes
INFO: [Synth 8-7075] Helper process launched with PID 716000
---------------------------------------------------------------------------------
Starting RTL Elaboration : Time (s): cpu = 00:00:02 ; elapsed = 00:00:02 . Memory (MB): peak = 2220.082 ; gain = 481.875 ; free physical = 10804 ; free virtual = 39018
---------------------------------------------------------------------------------
CRITICAL WARNING: [Synth 8-9873] overwriting previous definition of module 'top' [/home/vedaant/school/quantum_work/linien/gateware/build/top.v:12165]
INFO: [Synth 8-13127] previous definition of module 'top' is here [/home/vedaant/school/quantum_work/linien/gateware/build/imports/home/vedaant/school/quantum_work/linien/src/reg_file_adapter.v:49]
INFO: [Synth 8-6157] synthesizing module 'top' from library 'work' [/home/vedaant/school/quantum_work/linien/gateware/build/top.v:2]
INFO: [Synth 8-155] case statement is not full and has no default [/home/vedaant/school/quantum_work/linien/gateware/build/top.v:7263]
INFO: [Synth 8-155] case statement is not full and has no default [/home/vedaant/school/quantum_work/linien/gateware/build/top.v:7663]
INFO: [Synth 8-155] case statement is not full and has no default [/home/vedaant/school/quantum_work/linien/gateware/build/top.v:8509]
INFO: [Synth 8-155] case statement is not full and has no default [/home/vedaant/school/quantum_work/linien/gateware/build/top.v:9355]
INFO: [Synth 8-155] case statement is not full and has no default [/home/vedaant/school/quantum_work/linien/gateware/build/top.v:9490]
INFO: [Synth 8-155] case statement is not full and has no default [/home/vedaant/school/quantum_work/linien/gateware/build/top.v:9512]
INFO: [Synth 8-155] case statement is not full and has no default [/home/vedaant/school/quantum_work/linien/gateware/build/top.v:10590]
INFO: [Synth 8-155] case statement is not full and has no default [/home/vedaant/school/quantum_work/linien/gateware/build/top.v:10684]
INFO: [Synth 8-155] case statement is not full and has no default [/home/vedaant/school/quantum_work/linien/gateware/build/top.v:10801]
INFO: [Synth 8-155] case statement is not full and has no default [/home/vedaant/school/quantum_work/linien/gateware/build/top.v:11576]
INFO: [Synth 8-6157] synthesizing module 'axi_slave' from library 'work' [/home/vedaant/school/quantum_work/linien/gateware/build/imports/home/vedaant/school/quantum_work/linien/gateware/verilog/axi_slave.v:52]
	Parameter AXI_DW bound to: 6'b100000 
	Parameter AXI_AW bound to: 6'b100000 
	Parameter AXI_IW bound to: 4'b1100 
INFO: [Synth 8-6155] done synthesizing module 'axi_slave' from library 'work' (0#1) [/home/vedaant/school/quantum_work/linien/gateware/build/imports/home/vedaant/school/quantum_work/linien/gateware/verilog/axi_slave.v:52]
INFO: [Synth 8-6157] synthesizing module 'system_processing_system7_0_0' from library 'work' [/home/vedaant/school/quantum_work/linien/gateware/build/imports/home/vedaant/school/quantum_work/linien/gateware/verilog/system_processing_system7_0_0.v:53]
INFO: [Synth 8-6157] synthesizing module 'processing_system7_v5_4_processing_system7' from library 'work' [/home/vedaant/school/quantum_work/linien/gateware/build/imports/home/vedaant/school/quantum_work/linien/gateware/verilog/processing_system7_v5_4_processing_system7.v:152]
INFO: [Synth 8-6157] synthesizing module 'BUFG' [/home/vedaant/Applications/2025.2/Vivado/scripts/rt/data/unisim_comp.v:2678]
INFO: [Synth 8-6155] done synthesizing module 'BUFG' (0#1) [/home/vedaant/Applications/2025.2/Vivado/scripts/rt/data/unisim_comp.v:2678]
INFO: [Synth 8-6157] synthesizing module 'BIBUF' [/home/vedaant/Applications/2025.2/Vivado/scripts/rt/data/unisim_comp.v:2325]
INFO: [Synth 8-6155] done synthesizing module 'BIBUF' (0#1) [/home/vedaant/Applications/2025.2/Vivado/scripts/rt/data/unisim_comp.v:2325]
INFO: [Synth 8-6157] synthesizing module 'PS7' [/home/vedaant/Applications/2025.2/Vivado/scripts/rt/data/unisim_comp.v:140294]
INFO: [Synth 8-6155] done synthesizing module 'PS7' (0#1) [/home/vedaant/Applications/2025.2/Vivado/scripts/rt/data/unisim_comp.v:140294]
INFO: [Synth 8-6155] done synthesizing module 'processing_system7_v5_4_processing_system7' from library 'work' (0#1) [/home/vedaant/school/quantum_work/linien/gateware/build/imports/home/vedaant/school/quantum_work/linien/gateware/verilog/processing_system7_v5_4_processing_system7.v:152]
INFO: [Synth 8-7071] port 'M_AXI_GP0_ARESETN' of module 'processing_system7_v5_4_processing_system7' is unconnected for instance 'inst' [/home/vedaant/school/quantum_work/linien/gateware/build/imports/home/vedaant/school/quantum_work/linien/gateware/verilog/system_processing_system7_0_0.v:365]
INFO: [Synth 8-7071] port 'M_AXI_GP1_ARESETN' of module 'processing_system7_v5_4_processing_system7' is unconnected for instance 'inst' [/home/vedaant/school/quantum_work/linien/gateware/build/imports/home/vedaant/school/quantum_work/linien/gateware/verilog/system_processing_system7_0_0.v:365]
INFO: [Synth 8-7071] port 'S_AXI_GP0_ARESETN' of module 'processing_system7_v5_4_processing_system7' is unconnected for instance 'inst' [/home/vedaant/school/quantum_work/linien/gateware/build/imports/home/vedaant/school/quantum_work/linien/gateware/verilog/system_processing_system7_0_0.v:365]
INFO: [Synth 8-7071] port 'S_AXI_GP1_ARESETN' of module 'processing_system7_v5_4_processing_system7' is unconnected for instance 'inst' [/home/vedaant/school/quantum_work/linien/gateware/build/imports/home/vedaant/school/quantum_work/linien/gateware/verilog/system_processing_system7_0_0.v:365]
INFO: [Synth 8-7071] port 'S_AXI_ACP_ARESETN' of module 'processing_system7_v5_4_processing_system7' is unconnected for instance 'inst' [/home/vedaant/school/quantum_work/linien/gateware/build/imports/home/vedaant/school/quantum_work/linien/gateware/verilog/system_processing_system7_0_0.v:365]
INFO: [Synth 8-7071] port 'S_AXI_HP0_ARESETN' of module 'processing_system7_v5_4_processing_system7' is unconnected for instance 'inst' [/home/vedaant/school/quantum_work/linien/gateware/build/imports/home/vedaant/school/quantum_work/linien/gateware/verilog/system_processing_system7_0_0.v:365]
INFO: [Synth 8-7071] port 'S_AXI_HP1_ARESETN' of module 'processing_system7_v5_4_processing_system7' is unconnected for instance 'inst' [/home/vedaant/school/quantum_work/linien/gateware/build/imports/home/vedaant/school/quantum_work/linien/gateware/verilog/system_processing_system7_0_0.v:365]
INFO: [Synth 8-7071] port 'S_AXI_HP2_ARESETN' of module 'processing_system7_v5_4_processing_system7' is unconnected for instance 'inst' [/home/vedaant/school/quantum_work/linien/gateware/build/imports/home/vedaant/school/quantum_work/linien/gateware/verilog/system_processing_system7_0_0.v:365]
INFO: [Synth 8-7071] port 'S_AXI_HP3_ARESETN' of module 'processing_system7_v5_4_processing_system7' is unconnected for instance 'inst' [/home/vedaant/school/quantum_work/linien/gateware/build/imports/home/vedaant/school/quantum_work/linien/gateware/verilog/system_processing_system7_0_0.v:365]
INFO: [Synth 8-7071] port 'DMA0_RSTN' of module 'processing_system7_v5_4_processing_system7' is unconnected for instance 'inst' [/home/vedaant/school/quantum_work/linien/gateware/build/imports/home/vedaant/school/quantum_work/linien/gateware/verilog/system_processing_system7_0_0.v:365]
INFO: [Synth 8-7071] port 'DMA1_RSTN' of module 'processing_system7_v5_4_processing_system7' is unconnected for instance 'inst' [/home/vedaant/school/quantum_work/linien/gateware/build/imports/home/vedaant/school/quantum_work/linien/gateware/verilog/system_processing_system7_0_0.v:365]
INFO: [Synth 8-7071] port 'DMA2_RSTN' of module 'processing_system7_v5_4_processing_system7' is unconnected for instance 'inst' [/home/vedaant/school/quantum_work/linien/gateware/build/imports/home/vedaant/school/quantum_work/linien/gateware/verilog/system_processing_system7_0_0.v:365]
INFO: [Synth 8-7071] port 'DMA3_RSTN' of module 'processing_system7_v5_4_processing_system7' is unconnected for instance 'inst' [/home/vedaant/school/quantum_work/linien/gateware/build/imports/home/vedaant/school/quantum_work/linien/gateware/verilog/system_processing_system7_0_0.v:365]
INFO: [Synth 8-7023] instance 'inst' of module 'processing_system7_v5_4_processing_system7' has 686 connections declared, but only 673 given [/home/vedaant/school/quantum_work/linien/gateware/build/imports/home/vedaant/school/quantum_work/linien/gateware/verilog/system_processing_system7_0_0.v:365]
INFO: [Synth 8-6155] done synthesizing module 'system_processing_system7_0_0' from library 'work' (0#1) [/home/vedaant/school/quantum_work/linien/gateware/build/imports/home/vedaant/school/quantum_work/linien/gateware/verilog/system_processing_system7_0_0.v:53]
WARNING: [Synth 8-7071] port 'SPI0_SCLK_O' of module 'system_processing_system7_0_0' is unconnected for instance 'system_processing_system7_0_0' [/home/vedaant/school/quantum_work/linien/gateware/build/top.v:11652]
WARNING: [Synth 8-7071] port 'SPI0_SCLK_T' of module 'system_processing_system7_0_0' is unconnected for instance 'system_processing_system7_0_0' [/home/vedaant/school/quantum_work/linien/gateware/build/top.v:11652]
WARNING: [Synth 8-7071] port 'SPI0_MOSI_O' of module 'system_processing_system7_0_0' is unconnected for instance 'system_processing_system7_0_0' [/home/vedaant/school/quantum_work/linien/gateware/build/top.v:11652]
WARNING: [Synth 8-7071] port 'SPI0_MOSI_T' of module 'system_processing_system7_0_0' is unconnected for instance 'system_processing_system7_0_0' [/home/vedaant/school/quantum_work/linien/gateware/build/top.v:11652]
WARNING: [Synth 8-7071] port 'SPI0_MISO_O' of module 'system_processing_system7_0_0' is unconnected for instance 'system_processing_system7_0_0' [/home/vedaant/school/quantum_work/linien/gateware/build/top.v:11652]
WARNING: [Synth 8-7071] port 'SPI0_MISO_T' of module 'system_processing_system7_0_0' is unconnected for instance 'system_processing_system7_0_0' [/home/vedaant/school/quantum_work/linien/gateware/build/top.v:11652]
WARNING: [Synth 8-7071] port 'SPI0_SS_O' of module 'system_processing_system7_0_0' is unconnected for instance 'system_processing_system7_0_0' [/home/vedaant/school/quantum_work/linien/gateware/build/top.v:11652]
WARNING: [Synth 8-7071] port 'SPI0_SS1_O' of module 'system_processing_system7_0_0' is unconnected for instance 'system_processing_system7_0_0' [/home/vedaant/school/quantum_work/linien/gateware/build/top.v:11652]
WARNING: [Synth 8-7071] port 'SPI0_SS2_O' of module 'system_processing_system7_0_0' is unconnected for instance 'system_processing_system7_0_0' [/home/vedaant/school/quantum_work/linien/gateware/build/top.v:11652]
WARNING: [Synth 8-7071] port 'SPI0_SS_T' of module 'system_processing_system7_0_0' is unconnected for instance 'system_processing_system7_0_0' [/home/vedaant/school/quantum_work/linien/gateware/build/top.v:11652]
WARNING: [Synth 8-7071] port 'TTC0_WAVE0_OUT' of module 'system_processing_system7_0_0' is unconnected for instance 'system_processing_system7_0_0' [/home/vedaant/school/quantum_work/linien/gateware/build/top.v:11652]
WARNING: [Synth 8-7071] port 'TTC0_WAVE1_OUT' of module 'system_processing_system7_0_0' is unconnected for instance 'system_processing_system7_0_0' [/home/vedaant/school/quantum_work/linien/gateware/build/top.v:11652]
WARNING: [Synth 8-7071] port 'TTC0_WAVE2_OUT' of module 'system_processing_system7_0_0' is unconnected for instance 'system_processing_system7_0_0' [/home/vedaant/school/quantum_work/linien/gateware/build/top.v:11652]
WARNING: [Synth 8-7071] port 'USB0_PORT_INDCTL' of module 'system_processing_system7_0_0' is unconnected for instance 'system_processing_system7_0_0' [/home/vedaant/school/quantum_work/linien/gateware/build/top.v:11652]
WARNING: [Synth 8-7071] port 'USB0_VBUS_PWRSELECT' of module 'system_processing_system7_0_0' is unconnected for instance 'system_processing_system7_0_0' [/home/vedaant/school/quantum_work/linien/gateware/build/top.v:11652]
WARNING: [Synth 8-7023] instance 'system_processing_system7_0_0' of module 'system_processing_system7_0_0' has 88 connections declared, but only 73 given [/home/vedaant/school/quantum_work/linien/gateware/build/top.v:11652]
INFO: [Synth 8-6157] synthesizing module 'IBUFGDS' [/home/vedaant/Applications/2025.2/Vivado/scripts/rt/data/unisim_comp.v:83467]
INFO: [Synth 8-6155] done synthesizing module 'IBUFGDS' (0#1) [/home/vedaant/Applications/2025.2/Vivado/scripts/rt/data/unisim_comp.v:83467]
INFO: [Synth 8-6157] synthesizing module 'PLLE2_BASE' [/home/vedaant/Applications/2025.2/Vivado/scripts/rt/data/unisim_comp.v:133986]
	Parameter BANDWIDTH bound to: OPTIMIZED - type: string 
	Parameter CLKFBOUT_MULT bound to: 8 - type: integer 
	Parameter CLKFBOUT_PHASE bound to: 0.000000e+00 - type: double 
	Parameter CLKIN1_PERIOD bound to: 8.000000e+00 - type: double 
	Parameter CLKOUT0_DIVIDE bound to: 2 - type: integer 
	Parameter CLKOUT0_DUTY_CYCLE bound to: 5.000000e-01 - type: double 
	Parameter CLKOUT0_PHASE bound to: 0.000000e+00 - type: double 
	Parameter CLKOUT1_DIVIDE bound to: 4 - type: integer 
	Parameter CLKOUT1_DUTY_CYCLE bound to: 5.000000e-01 - type: double 
	Parameter CLKOUT1_PHASE bound to: 0.000000e+00 - type: double 
	Parameter CLKOUT2_DIVIDE bound to: 8 - type: integer 
	Parameter CLKOUT2_DUTY_CYCLE bound to: 5.000000e-01 - type: double 
	Parameter CLKOUT2_PHASE bound to: 0.000000e+00 - type: double 
	Parameter CLKOUT3_DIVIDE bound to: 120 - type: integer 
	Parameter CLKOUT3_DUTY_CYCLE bound to: 5.000000e-01 - type: double 
	Parameter CLKOUT3_PHASE bound to: 0.000000e+00 - type: double 
	Parameter CLKOUT4_DIVIDE bound to: 4 - type: integer 
	Parameter CLKOUT4_DUTY_CYCLE bound to: 5.000000e-01 - type: double 
	Parameter CLKOUT4_PHASE bound to: 0.000000e+00 - type: double 
	Parameter CLKOUT5_DIVIDE bound to: 4 - type: integer 
	Parameter CLKOUT5_DUTY_CYCLE bound to: 5.000000e-01 - type: double 
	Parameter CLKOUT5_PHASE bound to: 0.000000e+00 - type: double 
	Parameter DIVCLK_DIVIDE bound to: 1 - type: integer 
	Parameter REF_JITTER1 bound to: 1.000000e-02 - type: double 
	Parameter STARTUP_WAIT bound to: FALSE - type: string 
INFO: [Synth 8-6155] done synthesizing module 'PLLE2_BASE' (0#1) [/home/vedaant/Applications/2025.2/Vivado/scripts/rt/data/unisim_comp.v:133986]
INFO: [Synth 8-6157] synthesizing module 'FD' [/home/vedaant/Applications/2025.2/Vivado/scripts/rt/data/unisim_comp.v:49155]
	Parameter INIT bound to: 1'b1 
INFO: [Synth 8-6155] done synthesizing module 'FD' (0#1) [/home/vedaant/Applications/2025.2/Vivado/scripts/rt/data/unisim_comp.v:49155]
INFO: [Synth 8-6157] synthesizing module 'sequence_top' from library 'work' [/home/vedaant/school/quantum_work/linien/gateware/build/imports/home/vedaant/school/quantum_work/linien/src/sequence_top.sv:3]
	Parameter MAX_BLOCKS bound to: 16 - type: integer 
	Parameter DATA_WIDTH bound to: 32 - type: integer 
	Parameter V_DATA_WIDTH bound to: 14 - type: integer 
	Parameter NUM_BLOCK_TYPES bound to: 6 - type: integer 
	Parameter FSM_REGFILE_ADDR_WIDTH bound to: 9 - type: integer 
	Parameter AWG_REGFILE_ADDR_WIDTH bound to: 10 - type: integer 
INFO: [Synth 8-6157] synthesizing module 'bram' from library 'work' [/home/vedaant/school/quantum_work/linien/gateware/build/imports/home/vedaant/school/quantum_work/linien/src/bram.sv:28]
	Parameter ADDR_WIDTH bound to: 9 - type: integer 
	Parameter DATA_WIDTH bound to: 32 - type: integer 
INFO: [Synth 8-6155] done synthesizing module 'bram' from library 'work' (0#1) [/home/vedaant/school/quantum_work/linien/gateware/build/imports/home/vedaant/school/quantum_work/linien/src/bram.sv:28]
INFO: [Synth 8-6157] synthesizing module 'bram__parameterized0' from library 'work' [/home/vedaant/school/quantum_work/linien/gateware/build/imports/home/vedaant/school/quantum_work/linien/src/bram.sv:28]
	Parameter ADDR_WIDTH bound to: 10 - type: integer 
	Parameter DATA_WIDTH bound to: 14 - type: integer 
INFO: [Synth 8-6155] done synthesizing module 'bram__parameterized0' from library 'work' (0#1) [/home/vedaant/school/quantum_work/linien/gateware/build/imports/home/vedaant/school/quantum_work/linien/src/bram.sv:28]
INFO: [Synth 8-6157] synthesizing module 'control' from library 'work' [/home/vedaant/school/quantum_work/linien/gateware/build/imports/home/vedaant/school/quantum_work/linien/src/control.sv:30]
	Parameter MAX_BLOCKS bound to: 16 - type: integer 
	Parameter DATA_WIDTH bound to: 32 - type: integer 
INFO: [Synth 8-226] default block is never used [/home/vedaant/school/quantum_work/linien/gateware/build/imports/home/vedaant/school/quantum_work/linien/src/control.sv:176]
INFO: [Synth 8-226] default block is never used [/home/vedaant/school/quantum_work/linien/gateware/build/imports/home/vedaant/school/quantum_work/linien/src/control.sv:317]
INFO: [Synth 8-6155] done synthesizing module 'control' from library 'work' (0#1) [/home/vedaant/school/quantum_work/linien/gateware/build/imports/home/vedaant/school/quantum_work/linien/src/control.sv:30]
INFO: [Synth 8-6157] synthesizing module 'delay' from library 'work' [/home/vedaant/school/quantum_work/linien/gateware/build/imports/home/vedaant/school/quantum_work/linien/src/delay.sv:2]
	Parameter DATA_WIDTH bound to: 32 - type: integer 
INFO: [Synth 8-6155] done synthesizing module 'delay' from library 'work' (0#1) [/home/vedaant/school/quantum_work/linien/gateware/build/imports/home/vedaant/school/quantum_work/linien/src/delay.sv:2]
INFO: [Synth 8-6157] synthesizing module 'linear_ramp' from library 'work' [/home/vedaant/school/quantum_work/linien/gateware/build/imports/home/vedaant/school/quantum_work/linien/src/linear_ramp.sv:2]
	Parameter DATA_WIDTH bound to: 32 - type: integer 
INFO: [Synth 8-155] case statement is not full and has no default [/home/vedaant/school/quantum_work/linien/gateware/build/imports/home/vedaant/school/quantum_work/linien/src/linear_ramp.sv:27]
INFO: [Synth 8-6155] done synthesizing module 'linear_ramp' from library 'work' (0#1) [/home/vedaant/school/quantum_work/linien/gateware/build/imports/home/vedaant/school/quantum_work/linien/src/linear_ramp.sv:2]
INFO: [Synth 8-6157] synthesizing module 'direct_jump' from library 'work' [/home/vedaant/school/quantum_work/linien/gateware/build/imports/home/vedaant/school/quantum_work/linien/src/direct_jump.sv:3]
	Parameter DATA_WIDTH bound to: 32 - type: integer 
INFO: [Synth 8-6155] done synthesizing module 'direct_jump' from library 'work' (0#1) [/home/vedaant/school/quantum_work/linien/gateware/build/imports/home/vedaant/school/quantum_work/linien/src/direct_jump.sv:3]
INFO: [Synth 8-6157] synthesizing module 'chirp_gen' from library 'work' [/home/vedaant/school/quantum_work/linien/gateware/build/imports/home/vedaant/school/quantum_work/linien/src/chirp_gen.sv:7]
INFO: [Synth 8-6155] done synthesizing module 'chirp_gen' from library 'work' (0#1) [/home/vedaant/school/quantum_work/linien/gateware/build/imports/home/vedaant/school/quantum_work/linien/src/chirp_gen.sv:7]
INFO: [Synth 8-6157] synthesizing module 'sinusoid' from library 'work' [/home/vedaant/school/quantum_work/linien/gateware/build/imports/home/vedaant/school/quantum_work/linien/src/sinusoid.sv:14]
	Parameter DATA_WIDTH bound to: 32 - type: integer 
INFO: [Synth 8-155] case statement is not full and has no default [/home/vedaant/school/quantum_work/linien/gateware/build/imports/home/vedaant/school/quantum_work/linien/src/sinusoid.sv:51]
INFO: [Synth 8-6157] synthesizing module 'ROM' from library 'work' [/home/vedaant/school/quantum_work/linien/gateware/build/imports/home/vedaant/school/quantum_work/linien/src/ROM.sv:2]
	Parameter FILE bound to: sin_lut.memh - type: string 
	Parameter DATA_WIDTH bound to: 32'sb00000000000000000000000000001110 
	Parameter ADDR_WIDTH bound to: 32'sb00000000000000000000000000001001 
CRITICAL WARNING: [Synth 8-4445] could not open $readmem data file 'sin_lut.memh'; please make sure the file is added to project and has read permission, ignoring [/home/vedaant/school/quantum_work/linien/gateware/build/imports/home/vedaant/school/quantum_work/linien/src/ROM.sv:16]
INFO: [Synth 8-6155] done synthesizing module 'ROM' from library 'work' (0#1) [/home/vedaant/school/quantum_work/linien/gateware/build/imports/home/vedaant/school/quantum_work/linien/src/ROM.sv:2]
INFO: [Synth 8-6155] done synthesizing module 'sinusoid' from library 'work' (0#1) [/home/vedaant/school/quantum_work/linien/gateware/build/imports/home/vedaant/school/quantum_work/linien/src/sinusoid.sv:14]
INFO: [Synth 8-6157] synthesizing module 'arb_wave' from library 'work' [/home/vedaant/school/quantum_work/linien/gateware/build/imports/home/vedaant/school/quantum_work/linien/src/arb_wave.sv:4]
INFO: [Synth 8-155] case statement is not full and has no default [/home/vedaant/school/quantum_work/linien/gateware/build/imports/home/vedaant/school/quantum_work/linien/src/arb_wave.sv:26]
INFO: [Synth 8-6155] done synthesizing module 'arb_wave' from library 'work' (0#1) [/home/vedaant/school/quantum_work/linien/gateware/build/imports/home/vedaant/school/quantum_work/linien/src/arb_wave.sv:4]
INFO: [Synth 8-6155] done synthesizing module 'sequence_top' from library 'work' (0#1) [/home/vedaant/school/quantum_work/linien/gateware/build/imports/home/vedaant/school/quantum_work/linien/src/sequence_top.sv:3]
ERROR: [Synth 8-11365] for the instance 'sequence_top' of module 'sequence_top' declared at '/home/vedaant/school/quantum_work/linien/gateware/build/imports/home/vedaant/school/quantum_work/linien/src/sequence_top.sv:3', named port connection 'sinusoid_reg_address' does not exist [/home/vedaant/school/quantum_work/linien/gateware/build/top.v:11834]
INFO: [Synth 8-6157] synthesizing module 'ODDR' [/home/vedaant/Applications/2025.2/Vivado/scripts/rt/data/unisim_comp.v:117225]
ERROR: [Synth 8-6156] failed synthesizing module 'ODDR' [/home/vedaant/Applications/2025.2/Vivado/scripts/rt/data/unisim_comp.v:117225]
ERROR: [Synth 8-6156] failed synthesizing module 'top' from library 'work' [/home/vedaant/school/quantum_work/linien/gateware/build/top.v:2]
---------------------------------------------------------------------------------
Finished RTL Elaboration : Time (s): cpu = 00:00:03 ; elapsed = 00:00:03 . Memory (MB): peak = 2327.020 ; gain = 588.812 ; free physical = 10699 ; free virtual = 38913
---------------------------------------------------------------------------------
RTL Elaboration failed
INFO: [Common 17-83] Releasing license: Synthesis
78 Infos, 16 Warnings, 2 Critical Warnings and 4 Errors encountered.
synth_design failed
ERROR: [Common 17-69] Command failed: Synthesis failed - please see the console or run log file for details

    while executing
"source "top_route.tcl""
    (file "top.tcl" line 1)
INFO: [Common 17-206] Exiting Vivado at Fri Jul 31 01:24:19 2026...
